      -----------------------------------------------------------      
     |                   =====================                   |     
     |                           x T B                           |     
     |                   =====================                   |     
     |                         S. Grimme                         |     
     |          Mulliken Center for Theoretical Chemistry        |     
     |                    University of Bonn                     |     
      -----------------------------------------------------------      

   * xtb version 6.4.1 (afa7bdf) compiled by 'ehlert@majestix' on 2021-06-10

   xtb is free software: you can redistribute it and/or modify it under
   the terms of the GNU Lesser General Public License as published by
   the Free Software Foundation, either version 3 of the License, or
   (at your option) any later version.
   
   xtb is distributed in the hope that it will be useful,
   but WITHOUT ANY WARRANTY; without even the implied warranty of
   MERCHANTABILITY or FITNESS FOR A PARTICULAR PURPOSE.  See the
   GNU Lesser General Public License for more details.
   
   Cite this work as:
   * C. Bannwarth, E. Caldeweyher, S. Ehlert, A. Hansen, P. Pracht,
     J. Seibert, S. Spicher, S. Grimme, WIREs Comput. Mol. Sci., 2020, 11,
     e01493. DOI: 10.1002/wcms.1493
   
   for GFN2-xTB:
   * C. Bannwarth, S. Ehlert and S. Grimme., J. Chem. Theory Comput., 2019,
     15, 1652-1671. DOI: 10.1021/acs.jctc.8b01176
   for GFN1-xTB:
   * S. Grimme, C. Bannwarth, P. Shushkov, J. Chem. Theory Comput., 2017,
     13, 1989-2009. DOI: 10.1021/acs.jctc.7b00118
   for GFN0-xTB:
   * P. Pracht, E. Caldeweyher, S. Ehlert, S. Grimme, ChemRxiv, 2019, preprint.
     DOI: 10.26434/chemrxiv.8326202.v1
   for GFN-FF:
   * S. Spicher and S. Grimme, Angew. Chem. Int. Ed., 2020, 59, 15665-15673.
     DOI: 10.1002/anie.202004239
   
   for DFT-D4:
   * E. Caldeweyher, C. Bannwarth and S. Grimme, J. Chem. Phys., 2017,
     147, 034112. DOI: 10.1063/1.4993215
   * E. Caldeweyher, S. Ehlert, A. Hansen, H. Neugebauer, S. Spicher,
     C. Bannwarth and S. Grimme, J. Chem. Phys., 2019, 150, 154122.
     DOI: 10.1063/1.5090222
   * E. Caldeweyher, J.-M. Mewes, S. Ehlert and S. Grimme, Phys. Chem. Chem. Phys.
     2020, 22, 8499-8512. DOI: 10.1039/D0CP00502A
   
   for sTDA-xTB:
   * S. Grimme and C. Bannwarth, J. Chem. Phys., 2016, 145, 054103.
     DOI: 10.1063/1.4959605
   
   in the mass-spec context:
   * V. Asgeirsson, C. Bauer and S. Grimme, Chem. Sci., 2017, 8, 4879.
     DOI: 10.1039/c7sc00601b
   * J. Koopman and S. Grimme, ACS Omega 2019, 4, 12, 15120-15133.
     DOI: 10.1021/acsomega.9b02011
   
   for metadynamics refer to:
   * S. Grimme, J. Chem. Theory Comput., 2019, 155, 2847-2862
     DOI: 10.1021/acs.jctc.9b00143
   
   for SPH calculations refer to:
   * S. Spicher and S. Grimme, J. Chem. Theory Comput., 2021, 17, 1701-1714
     DOI: 10.1021/acs.jctc.0c01306
   
   with help from (in alphabetical order)
   P. Atkinson, C. Bannwarth, F. Bohle, G. Brandenburg, E. Caldeweyher
   M. Checinski, S. Dohm, S. Ehlert, S. Ehrlich, I. Gerasimov, J. Koopman
   C. Lavigne, S. Lehtola, F. März, M. Müller, F. Musil, H. Neugebauer
   J. Pisarek, C. Plett, P. Pracht, J. Seibert, P. Shushkov, S. Spicher
   M. Stahn, M. Steiner, T. Strunk, J. Stückrath, T. Rose, and J. Unsleber
   
 * started run on 2022/07/13 at 11:03:56.319     

           -------------------------------------------------
          |                Calculation Setup                |
           -------------------------------------------------

          program call               : xtb in.xyz --opt tight --uhf 2
          hostname                   : web
          coordinate file            : in.xyz
          omp threads                :                    16
          number of atoms            :                     1
          number of electrons        :                     7
          charge                     :                     0
          spin                       :                   1.0
          first test random number   :      0.70707075628499

   ID    Z sym.   atoms
    1   17 Cl     1

           -------------------------------------------------
          |                 G F N 2 - x T B                 |
           -------------------------------------------------

        Reference                      10.1021/acs.jctc.8b01176
      * Hamiltonian:
        H0-scaling (s, p, d)           1.850000    2.230000    2.230000
        zeta-weighting                 0.500000
      * Dispersion:
        s8                             2.700000
        a1                             0.520000
        a2                             5.000000
        s9                             5.000000
      * Repulsion:
        kExp                           1.500000    1.000000
        rExp                           1.000000
      * Coulomb:
        alpha                          2.000000
        third order                    shell-resolved
        anisotropic                    true
        a3                             3.000000
        a5                             4.000000
        cn-shift                       1.200000
        cn-exp                         4.000000
        max-rad                        5.000000


          ...................................................
          :                      SETUP                      :
          :.................................................:
          :  # basis functions                  10          :
          :  # atomic orbitals                   9          :
          :  # shells                            3          :
          :  # electrons                         7          :
          :  max. iterations                   250          :
          :  Hamiltonian                  GFN2-xTB          :
          :  restarted?                      false          :
          :  GBSA solvation                  false          :
          :  PC potential                    false          :
          :  electronic temp.          300.0000000     K    :
          :  accuracy                    1.0000000          :
          :  -> integral cutoff          0.2500000E+02      :
          :  -> integral neglect         0.1000000E-07      :
          :  -> SCF convergence          0.1000000E-05 Eh   :
          :  -> wf. convergence          0.1000000E-03 e    :
          :  Broyden damping             0.4000000          :
          ...................................................

 iter      E             dE          RMSdq      gap      omega  full diag
   1     -4.4825251 -0.448253E+01  0.711E-14   12.43      12.4  T
   2     -4.4825251  0.000000E+00  0.568E-14   12.43      12.4  T
   3     -4.4825251  0.000000E+00  0.438E-14   12.43      12.4  T

   *** convergence criteria satisfied after 3 iterations ***

         #    Occupation            Energy/Eh            Energy/eV
      -------------------------------------------------------------
         1        2.0000           -1.0759754             -29.2788
         2        1.6667           -0.4657520             -12.6738
         3        1.6667           -0.4657520             -12.6738
         4        1.6667           -0.4657520             -12.6738 (HOMO)
         5                         -0.0088323              -0.2403 (LUMO)
         6                         -0.0088323              -0.2403
         7                         -0.0088323              -0.2403
         8                         -0.0088323              -0.2403
         9                         -0.0088323              -0.2403
      -------------------------------------------------------------
                  HL-Gap            0.4569198 Eh           12.4334 eV
             Fermi-level           -0.3511928 Eh           -9.5564 eV
 
 transition dipole moment (au) for excitation:           3           4
     X       Y       Z   
   0.0000   0.0000   0.0000  total (au/Debye):    0.000   0.000
 dE (eV)             :    0.000
 oscillator strength :  0.00000E+00

 SCC (total)                   0 d,  0 h,  0 min,  0.002 sec
 SCC setup                      ...        0 min,  0.000 sec (  7.656%)
 Dispersion                     ...        0 min,  0.000 sec (  1.643%)
 classical contributions        ...        0 min,  0.000 sec (  1.010%)
 integral evaluation            ...        0 min,  0.000 sec ( 15.931%)
 iterations                     ...        0 min,  0.000 sec ( 27.566%)
 molecular gradient             ...        0 min,  0.000 sec (  5.501%)
 printout                       ...        0 min,  0.001 sec ( 39.246%)

         :::::::::::::::::::::::::::::::::::::::::::::::::::::
         ::                     SUMMARY                     ::
         :::::::::::::::::::::::::::::::::::::::::::::::::::::
         :: total energy              -4.482525134961 Eh    ::
         :: gradient norm              0.000000000000 Eh/a0 ::
         :: HOMO-LUMO gap             12.433420000000 eV    ::
         ::.................................................::
         :: SCC energy                -4.482525134961 Eh    ::
         :: -> isotropic ES            0.000000000000 Eh    ::
         :: -> anisotropic ES          0.000000000000 Eh    ::
         :: -> anisotropic XC          0.000000000000 Eh    ::
         :: -> dispersion              0.000000000000 Eh    ::
         :: repulsion energy           0.000000000000 Eh    ::
         :: add. restraining           0.000000000000 Eh    ::
         :: total charge               0.000000000000 e     ::
         :::::::::::::::::::::::::::::::::::::::::::::::::::::

      ----------------------------------------------------------- 
     |                   =====================                   |
     |                        A N C O P T                        |
     |                   =====================                   |
     |               Approximate Normal Coordinate               |
     |                Rational Function Optimizer                |
      ----------------------------------------------------------- 
================
 final structure:
================
1
 xtb: 6.4.1 (afa7bdf)
Cl        0.00000000000000    0.00000000000000    0.00000000000000
 
 Bond Distances (Angstroems)
 ---------------------------

 
 selected bond angles (degree)
 --------------------

 
 selected dihedral angles (degree)
 ---------------------------------

           -------------------------------------------------
          |                Final Singlepoint                |
           -------------------------------------------------

          ...................................................
          :                      SETUP                      :
          :.................................................:
          :  # basis functions                  10          :
          :  # atomic orbitals                   9          :
          :  # shells                            3          :
          :  # electrons                         7          :
          :  max. iterations                   250          :
          :  Hamiltonian                  GFN2-xTB          :
          :  restarted?                      false          :
          :  GBSA solvation                  false          :
          :  PC potential                    false          :
          :  electronic temp.          300.0000000     K    :
          :  accuracy                    1.0000000          :
          :  -> integral cutoff          0.2500000E+02      :
          :  -> integral neglect         0.1000000E-07      :
          :  -> SCF convergence          0.1000000E-05 Eh   :
          :  -> wf. convergence          0.1000000E-03 e    :
          :  Broyden damping             0.4000000          :
          ...................................................

 iter      E             dE          RMSdq      gap      omega  full diag
   1     -4.4825251 -0.448253E+01  0.350E-14   12.43      12.4  T
   2     -4.4825251  0.000000E+00  0.280E-14   12.43      12.4  T
   3     -4.4825251  0.000000E+00  0.216E-14   12.43      12.4  T

   *** convergence criteria satisfied after 3 iterations ***

         #    Occupation            Energy/Eh            Energy/eV
      -------------------------------------------------------------
         1        2.0000           -1.0759754             -29.2788
         2        1.6667           -0.4657520             -12.6738
         3        1.6667           -0.4657520             -12.6738
         4        1.6667           -0.4657520             -12.6738 (HOMO)
         5                         -0.0088323              -0.2403 (LUMO)
         6                         -0.0088323              -0.2403
         7                         -0.0088323              -0.2403
         8                         -0.0088323              -0.2403
         9                         -0.0088323              -0.2403
      -------------------------------------------------------------
                  HL-Gap            0.4569198 Eh           12.4334 eV
             Fermi-level           -0.3511928 Eh           -9.5564 eV
 
 transition dipole moment (au) for excitation:           3           4
     X       Y       Z   
   0.0000   0.0000   0.0000  total (au/Debye):    0.000   0.000
 dE (eV)             :    0.000
 oscillator strength :  0.00000E+00

 SCC (total)                   0 d,  0 h,  0 min,  0.001 sec
 SCC setup                      ...        0 min,  0.000 sec (  9.844%)
 Dispersion                     ...        0 min,  0.000 sec (  1.844%)
 classical contributions        ...        0 min,  0.000 sec (  1.188%)
 integral evaluation            ...        0 min,  0.000 sec ( 23.219%)
 iterations                     ...        0 min,  0.000 sec ( 25.156%)
 molecular gradient             ...        0 min,  0.000 sec (  7.344%)
 printout                       ...        0 min,  0.000 sec ( 29.125%)

         :::::::::::::::::::::::::::::::::::::::::::::::::::::
         ::                     SUMMARY                     ::
         :::::::::::::::::::::::::::::::::::::::::::::::::::::
         :: total energy              -4.482525134961 Eh    ::
         :: gradient norm              0.000000000000 Eh/a0 ::
         :: HOMO-LUMO gap             12.433420000000 eV    ::
         ::.................................................::
         :: SCC energy                -4.482525134961 Eh    ::
         :: -> isotropic ES            0.000000000000 Eh    ::
         :: -> anisotropic ES          0.000000000000 Eh    ::
         :: -> anisotropic XC          0.000000000000 Eh    ::
         :: -> dispersion              0.000000000000 Eh    ::
         :: repulsion energy           0.000000000000 Eh    ::
         :: add. restraining           0.000000000000 Eh    ::
         :: total charge               0.000000000000 e     ::
         :::::::::::::::::::::::::::::::::::::::::::::::::::::

           -------------------------------------------------
          |                Property Printout                |
           -------------------------------------------------

    * Orbital Energies and Occupations

         #    Occupation            Energy/Eh            Energy/eV
      -------------------------------------------------------------
         1        2.0000           -1.0759754             -29.2788
         2        1.6667           -0.4657520             -12.6738
         3        1.6667           -0.4657520             -12.6738
         4        1.6667           -0.4657520             -12.6738 (HOMO)
         5                         -0.0088323              -0.2403 (LUMO)
         6                         -0.0088323              -0.2403
         7                         -0.0088323              -0.2403
         8                         -0.0088323              -0.2403
         9                         -0.0088323              -0.2403
      -------------------------------------------------------------
                  HL-Gap            0.4569198 Eh           12.4334 eV
             Fermi-level           -0.3511928 Eh           -9.5564 eV

     #   Z          covCN         q      C6AA      α(0)
     1  17 Cl       0.000     0.000    92.710    14.654

 Mol. C6AA /au·bohr⁶  :         92.710205
 Mol. C8AA /au·bohr⁸  :       3868.199895
 Mol. α(0) /au        :         14.653772


Wiberg/Mayer (AO) data.
largest (>0.10) Wiberg bond orders for each atom

 ---------------------------------------------------------------------------
     #   Z sym  total        # sym  WBO       # sym  WBO       # sym  WBO
 ---------------------------------------------------------------------------
     1  17 Cl   0.000 -- ---------------------------------------------------------------------------


molecular dipole:
                 x           y           z       tot (Debye)
 q only:        0.000       0.000       0.000
   full:        0.000       0.000       0.000       0.000
molecular quadrupole (traceless):
                xx          xy          yy          xz          yz          zz
 q only:        0.000       0.000       0.000       0.000       0.000       0.000
  q+dip:        0.000       0.000       0.000       0.000       0.000       0.000
   full:        0.000       0.000       0.000       0.000       0.000       0.000

           -------------------------------------------------
          |                Geometry Summary                 |
           -------------------------------------------------

      molecular mass/u    :       35.4529376
   center of mass at/Å    :        0.0000000       0.0000000       0.0000000
  moments of inertia/u·Å² :        0.0000000E+00   0.0000000E+00   0.0000000E+00
rotational constants/cm⁻¹ :             Infinity        Infinity        Infinity


optimized geometry written to: xtbopt.xyz


           -------------------------------------------------
          | TOTAL ENERGY               -4.482525134961 Eh   |
          | GRADIENT NORM               0.000000000000 Eh/α |
          | HOMO-LUMO GAP              12.433420000000 eV   |
           -------------------------------------------------

------------------------------------------------------------------------
 * finished run on 2022/07/13 at 11:03:56.369     
------------------------------------------------------------------------
 total:
 * wall-time:     0 d,  0 h,  0 min,  0.050 sec
 *  cpu-time:     0 d,  0 h,  0 min,  0.686 sec
 * ratio c/w:    13.760 speedup
 SCF:
 * wall-time:     0 d,  0 h,  0 min,  0.002 sec
 *  cpu-time:     0 d,  0 h,  0 min,  0.027 sec
 * ratio c/w:    15.817 speedup
 ANC optimizer:
 * wall-time:     0 d,  0 h,  0 min,  0.001 sec
 *  cpu-time:     0 d,  0 h,  0 min,  0.023 sec
 * ratio c/w:    15.881 speedup

normal termination of xtb
