      -----------------------------------------------------------      
     |                   =====================                   |     
     |                           x T B                           |     
     |                   =====================                   |     
     |                         S. Grimme                         |     
     |          Mulliken Center for Theoretical Chemistry        |     
     |                    University of Bonn                     |     
      -----------------------------------------------------------      

   * xtb version 6.4.1 (afa7bdf) compiled by 'ehlert@majestix' on 2021-06-10

   xtb is free software: you can redistribute it and/or modify it under
   the terms of the GNU Lesser General Public License as published by
   the Free Software Foundation, either version 3 of the License, or
   (at your option) any later version.
   
   xtb is distributed in the hope that it will be useful,
   but WITHOUT ANY WARRANTY; without even the implied warranty of
   MERCHANTABILITY or FITNESS FOR A PARTICULAR PURPOSE.  See the
   GNU Lesser General Public License for more details.
   
   Cite this work as:
   * C. Bannwarth, E. Caldeweyher, S. Ehlert, A. Hansen, P. Pracht,
     J. Seibert, S. Spicher, S. Grimme, WIREs Comput. Mol. Sci., 2020, 11,
     e01493. DOI: 10.1002/wcms.1493
   
   for GFN2-xTB:
   * C. Bannwarth, S. Ehlert and S. Grimme., J. Chem. Theory Comput., 2019,
     15, 1652-1671. DOI: 10.1021/acs.jctc.8b01176
   for GFN1-xTB:
   * S. Grimme, C. Bannwarth, P. Shushkov, J. Chem. Theory Comput., 2017,
     13, 1989-2009. DOI: 10.1021/acs.jctc.7b00118
   for GFN0-xTB:
   * P. Pracht, E. Caldeweyher, S. Ehlert, S. Grimme, ChemRxiv, 2019, preprint.
     DOI: 10.26434/chemrxiv.8326202.v1
   for GFN-FF:
   * S. Spicher and S. Grimme, Angew. Chem. Int. Ed., 2020, 59, 15665-15673.
     DOI: 10.1002/anie.202004239
   
   for DFT-D4:
   * E. Caldeweyher, C. Bannwarth and S. Grimme, J. Chem. Phys., 2017,
     147, 034112. DOI: 10.1063/1.4993215
   * E. Caldeweyher, S. Ehlert, A. Hansen, H. Neugebauer, S. Spicher,
     C. Bannwarth and S. Grimme, J. Chem. Phys., 2019, 150, 154122.
     DOI: 10.1063/1.5090222
   * E. Caldeweyher, J.-M. Mewes, S. Ehlert and S. Grimme, Phys. Chem. Chem. Phys.
     2020, 22, 8499-8512. DOI: 10.1039/D0CP00502A
   
   for sTDA-xTB:
   * S. Grimme and C. Bannwarth, J. Chem. Phys., 2016, 145, 054103.
     DOI: 10.1063/1.4959605
   
   in the mass-spec context:
   * V. Asgeirsson, C. Bauer and S. Grimme, Chem. Sci., 2017, 8, 4879.
     DOI: 10.1039/c7sc00601b
   * J. Koopman and S. Grimme, ACS Omega 2019, 4, 12, 15120-15133.
     DOI: 10.1021/acsomega.9b02011
   
   for metadynamics refer to:
   * S. Grimme, J. Chem. Theory Comput., 2019, 155, 2847-2862
     DOI: 10.1021/acs.jctc.9b00143
   
   for SPH calculations refer to:
   * S. Spicher and S. Grimme, J. Chem. Theory Comput., 2021, 17, 1701-1714
     DOI: 10.1021/acs.jctc.0c01306
   
   with help from (in alphabetical order)
   P. Atkinson, C. Bannwarth, F. Bohle, G. Brandenburg, E. Caldeweyher
   M. Checinski, S. Dohm, S. Ehlert, S. Ehrlich, I. Gerasimov, J. Koopman
   C. Lavigne, S. Lehtola, F. März, M. Müller, F. Musil, H. Neugebauer
   J. Pisarek, C. Plett, P. Pracht, J. Seibert, P. Shushkov, S. Spicher
   M. Stahn, M. Steiner, T. Strunk, J. Stückrath, T. Rose, and J. Unsleber
   
 * started run on 2022/07/12 at 17:52:46.989     

           -------------------------------------------------
          |                Calculation Setup                |
           -------------------------------------------------

          program call               : xtb in.xyz
          hostname                   : web
          coordinate file            : in.xyz
          omp threads                :                    16
          number of atoms            :                     5
          number of electrons        :                     8
          charge                     :                     0
          spin                       :                   0.0
          first test random number   :      0.96834427551798

   ID    Z sym.   atoms
    1    6 C      1
    2    1 H      2-5

           -------------------------------------------------
          |                 G F N 2 - x T B                 |
           -------------------------------------------------

        Reference                      10.1021/acs.jctc.8b01176
      * Hamiltonian:
        H0-scaling (s, p, d)           1.850000    2.230000    2.230000
        zeta-weighting                 0.500000
      * Dispersion:
        s8                             2.700000
        a1                             0.520000
        a2                             5.000000
        s9                             5.000000
      * Repulsion:
        kExp                           1.500000    1.000000
        rExp                           1.000000
      * Coulomb:
        alpha                          2.000000
        third order                    shell-resolved
        anisotropic                    true
        a3                             3.000000
        a5                             4.000000
        cn-shift                       1.200000
        cn-exp                         4.000000
        max-rad                        5.000000


          ...................................................
          :                      SETUP                      :
          :.................................................:
          :  # basis functions                   8          :
          :  # atomic orbitals                   8          :
          :  # shells                            6          :
          :  # electrons                         8          :
          :  max. iterations                   250          :
          :  Hamiltonian                  GFN2-xTB          :
          :  restarted?                      false          :
          :  GBSA solvation                  false          :
          :  PC potential                    false          :
          :  electronic temp.          300.0000000     K    :
          :  accuracy                    1.0000000          :
          :  -> integral cutoff          0.2500000E+02      :
          :  -> integral neglect         0.1000000E-07      :
          :  -> SCF convergence          0.1000000E-05 Eh   :
          :  -> wf. convergence          0.1000000E-03 e    :
          :  Broyden damping             0.4000000          :
          ...................................................

 iter      E             dE          RMSdq      gap      omega  full diag
   1     -4.2425396 -0.424254E+01  0.240E+00   18.33       0.0  T
   2     -4.2535445 -0.110049E-01  0.944E-01   18.14       1.0  T
   3     -4.2537289 -0.184374E-03  0.496E-01   18.04       1.0  T
   4     -4.2537662 -0.373428E-04  0.873E-02   17.94       1.0  T
   5     -4.2537661  0.155265E-06  0.774E-03   17.94       5.8  T
   6     -4.2537663 -0.177374E-06  0.215E-04   17.94     208.3  T
   7     -4.2537663 -0.101114E-09  0.768E-05   17.94     582.5  T

   *** convergence criteria satisfied after 7 iterations ***

         #    Occupation            Energy/Eh            Energy/eV
      -------------------------------------------------------------
         1        2.0000           -0.5838651             -15.8878
         2        2.0000           -0.4684912             -12.7483
         3        2.0000           -0.4683411             -12.7442
         4        2.0000           -0.4680739             -12.7369 (HOMO)
         5                          0.1911059               5.2003 (LUMO)
         6                          0.2431744               6.6171
         7                          0.2491729               6.7803
         8                          0.2524149               6.8686
      -------------------------------------------------------------
                  HL-Gap            0.6591798 Eh           17.9372 eV
             Fermi-level           -0.1384840 Eh           -3.7683 eV

 SCC (total)                   0 d,  0 h,  0 min,  0.003 sec
 SCC setup                      ...        0 min,  0.000 sec (  5.858%)
 Dispersion                     ...        0 min,  0.000 sec (  4.057%)
 classical contributions        ...        0 min,  0.000 sec (  2.750%)
 integral evaluation            ...        0 min,  0.000 sec (  5.705%)
 iterations                     ...        0 min,  0.002 sec ( 56.767%)
 molecular gradient             ...        0 min,  0.001 sec ( 21.791%)
 printout                       ...        0 min,  0.000 sec (  2.176%)

         :::::::::::::::::::::::::::::::::::::::::::::::::::::
         ::                     SUMMARY                     ::
         :::::::::::::::::::::::::::::::::::::::::::::::::::::
         :: total energy              -4.174846013005 Eh    ::
         :: gradient norm              0.017367930426 Eh/a0 ::
         :: HOMO-LUMO gap             17.937194417470 eV    ::
         ::.................................................::
         :: SCC energy                -4.253766252369 Eh    ::
         :: -> isotropic ES            0.002126497047 Eh    ::
         :: -> anisotropic ES          0.002098574807 Eh    ::
         :: -> anisotropic XC          0.003310809483 Eh    ::
         :: -> dispersion             -0.000659154868 Eh    ::
         :: repulsion energy           0.078920234178 Eh    ::
         :: add. restraining           0.000000000000 Eh    ::
         :: total charge              -0.000000000000 e     ::
         :::::::::::::::::::::::::::::::::::::::::::::::::::::

           -------------------------------------------------
          |                Property Printout                |
           -------------------------------------------------

    * Orbital Energies and Occupations

         #    Occupation            Energy/Eh            Energy/eV
      -------------------------------------------------------------
         1        2.0000           -0.5838651             -15.8878
         2        2.0000           -0.4684912             -12.7483
         3        2.0000           -0.4683411             -12.7442
         4        2.0000           -0.4680739             -12.7369 (HOMO)
         5                          0.1911059               5.2003 (LUMO)
         6                          0.2431744               6.6171
         7                          0.2491729               6.7803
         8                          0.2524149               6.8686
      -------------------------------------------------------------
                  HL-Gap            0.6591798 Eh           17.9372 eV
             Fermi-level           -0.1384840 Eh           -3.7683 eV

     #   Z          covCN         q      C6AA      α(0)
     1   6 C        3.706    -0.160    23.763     6.968
     2   1 H        0.927     0.040     2.448     2.447
     3   1 H        0.927     0.041     2.441     2.443
     4   1 H        0.926     0.039     2.459     2.452
     5   1 H        0.927     0.040     2.448     2.447

 Mol. C6AA /au·bohr⁶  :        123.599358
 Mol. C8AA /au·bohr⁸  :       2295.027491
 Mol. α(0) /au        :         16.756921


Wiberg/Mayer (AO) data.
largest (>0.10) Wiberg bond orders for each atom

 ---------------------------------------------------------------------------
     #   Z sym  total        # sym  WBO       # sym  WBO       # sym  WBO
 ---------------------------------------------------------------------------
     1   6 C    3.993 --     4 H    0.998     5 H    0.998     2 H    0.998
                             3 H    0.998
     2   1 H    0.998 --     1 C    0.998
     3   1 H    0.998 --     1 C    0.998
     4   1 H    0.998 --     1 C    0.998
     5   1 H    0.998 --     1 C    0.998
 ---------------------------------------------------------------------------

Topologies differ in total number of bonds
Writing topology from bond orders to xtbtopo.mol

molecular dipole:
                 x           y           z       tot (Debye)
 q only:       -0.000      -0.000       0.002
   full:       -0.000      -0.001       0.001       0.004
molecular quadrupole (traceless):
                xx          xy          yy          xz          yz          zz
 q only:       -0.001      -0.006      -0.003       0.021       0.019       0.004
  q+dip:       -0.005      -0.010      -0.007       0.012       0.009       0.012
   full:       -0.004      -0.010      -0.006       0.014       0.012       0.010


           -------------------------------------------------
          | TOTAL ENERGY               -4.174846013005 Eh   |
          | GRADIENT NORM               0.017367930426 Eh/α |
          | HOMO-LUMO GAP              17.937194417470 eV   |
           -------------------------------------------------

------------------------------------------------------------------------
 * finished run on 2022/07/12 at 17:52:47.025     
------------------------------------------------------------------------
 total:
 * wall-time:     0 d,  0 h,  0 min,  0.036 sec
 *  cpu-time:     0 d,  0 h,  0 min,  0.464 sec
 * ratio c/w:    12.759 speedup
 SCF:
 * wall-time:     0 d,  0 h,  0 min,  0.003 sec
 *  cpu-time:     0 d,  0 h,  0 min,  0.042 sec
 * ratio c/w:    14.965 speedup

normal termination of xtb
