      -----------------------------------------------------------      
     |                   =====================                   |     
     |                           x T B                           |     
     |                   =====================                   |     
     |                         S. Grimme                         |     
     |          Mulliken Center for Theoretical Chemistry        |     
     |                    University of Bonn                     |     
      -----------------------------------------------------------      

   * xtb version 6.4.1 (afa7bdf) compiled by 'ehlert@majestix' on 2021-06-10

   xtb is free software: you can redistribute it and/or modify it under
   the terms of the GNU Lesser General Public License as published by
   the Free Software Foundation, either version 3 of the License, or
   (at your option) any later version.
   
   xtb is distributed in the hope that it will be useful,
   but WITHOUT ANY WARRANTY; without even the implied warranty of
   MERCHANTABILITY or FITNESS FOR A PARTICULAR PURPOSE.  See the
   GNU Lesser General Public License for more details.
   
   Cite this work as:
   * C. Bannwarth, E. Caldeweyher, S. Ehlert, A. Hansen, P. Pracht,
     J. Seibert, S. Spicher, S. Grimme, WIREs Comput. Mol. Sci., 2020, 11,
     e01493. DOI: 10.1002/wcms.1493
   
   for GFN2-xTB:
   * C. Bannwarth, S. Ehlert and S. Grimme., J. Chem. Theory Comput., 2019,
     15, 1652-1671. DOI: 10.1021/acs.jctc.8b01176
   for GFN1-xTB:
   * S. Grimme, C. Bannwarth, P. Shushkov, J. Chem. Theory Comput., 2017,
     13, 1989-2009. DOI: 10.1021/acs.jctc.7b00118
   for GFN0-xTB:
   * P. Pracht, E. Caldeweyher, S. Ehlert, S. Grimme, ChemRxiv, 2019, preprint.
     DOI: 10.26434/chemrxiv.8326202.v1
   for GFN-FF:
   * S. Spicher and S. Grimme, Angew. Chem. Int. Ed., 2020, 59, 15665-15673.
     DOI: 10.1002/anie.202004239
   
   for DFT-D4:
   * E. Caldeweyher, C. Bannwarth and S. Grimme, J. Chem. Phys., 2017,
     147, 034112. DOI: 10.1063/1.4993215
   * E. Caldeweyher, S. Ehlert, A. Hansen, H. Neugebauer, S. Spicher,
     C. Bannwarth and S. Grimme, J. Chem. Phys., 2019, 150, 154122.
     DOI: 10.1063/1.5090222
   * E. Caldeweyher, J.-M. Mewes, S. Ehlert and S. Grimme, Phys. Chem. Chem. Phys.
     2020, 22, 8499-8512. DOI: 10.1039/D0CP00502A
   
   for sTDA-xTB:
   * S. Grimme and C. Bannwarth, J. Chem. Phys., 2016, 145, 054103.
     DOI: 10.1063/1.4959605
   
   in the mass-spec context:
   * V. Asgeirsson, C. Bauer and S. Grimme, Chem. Sci., 2017, 8, 4879.
     DOI: 10.1039/c7sc00601b
   * J. Koopman and S. Grimme, ACS Omega 2019, 4, 12, 15120-15133.
     DOI: 10.1021/acsomega.9b02011
   
   for metadynamics refer to:
   * S. Grimme, J. Chem. Theory Comput., 2019, 155, 2847-2862
     DOI: 10.1021/acs.jctc.9b00143
   
   for SPH calculations refer to:
   * S. Spicher and S. Grimme, J. Chem. Theory Comput., 2021, 17, 1701-1714
     DOI: 10.1021/acs.jctc.0c01306
   
   with help from (in alphabetical order)
   P. Atkinson, C. Bannwarth, F. Bohle, G. Brandenburg, E. Caldeweyher
   M. Checinski, S. Dohm, S. Ehlert, S. Ehrlich, I. Gerasimov, J. Koopman
   C. Lavigne, S. Lehtola, F. März, M. Müller, F. Musil, H. Neugebauer
   J. Pisarek, C. Plett, P. Pracht, J. Seibert, P. Shushkov, S. Spicher
   M. Stahn, M. Steiner, T. Strunk, J. Stückrath, T. Rose, and J. Unsleber
   
 * started run on 2022/05/29 at 19:36:00.778     

           -------------------------------------------------
          |                Calculation Setup                |
           -------------------------------------------------

          program call               : xtb in.xyz --hess --chrg 1
          hostname                   : web
          coordinate file            : in.xyz
          omp threads                :                    16
          number of atoms            :                     4
          number of electrons        :                     6
          charge                     :                     1
          spin                       :                   0.0
          first test random number   :      0.39192768247512

   ID    Z sym.   atoms
    1    6 C      1
    2    1 H      2-4

           -------------------------------------------------
          |                 G F N 2 - x T B                 |
           -------------------------------------------------

        Reference                      10.1021/acs.jctc.8b01176
      * Hamiltonian:
        H0-scaling (s, p, d)           1.850000    2.230000    2.230000
        zeta-weighting                 0.500000
      * Dispersion:
        s8                             2.700000
        a1                             0.520000
        a2                             5.000000
        s9                             5.000000
      * Repulsion:
        kExp                           1.500000    1.000000
        rExp                           1.000000
      * Coulomb:
        alpha                          2.000000
        third order                    shell-resolved
        anisotropic                    true
        a3                             3.000000
        a5                             4.000000
        cn-shift                       1.200000
        cn-exp                         4.000000
        max-rad                        5.000000


          ...................................................
          :                      SETUP                      :
          :.................................................:
          :  # basis functions                   7          :
          :  # atomic orbitals                   7          :
          :  # shells                            5          :
          :  # electrons                         6          :
          :  max. iterations                   250          :
          :  Hamiltonian                  GFN2-xTB          :
          :  restarted?                      false          :
          :  GBSA solvation                  false          :
          :  PC potential                    false          :
          :  electronic temp.          300.0000000     K    :
          :  accuracy                    1.0000000          :
          :  -> integral cutoff          0.2500000E+02      :
          :  -> integral neglect         0.1000000E-07      :
          :  -> SCF convergence          0.1000000E-05 Eh   :
          :  -> wf. convergence          0.1000000E-03 e    :
          :  Broyden damping             0.4000000          :
          ...................................................

 iter      E             dE          RMSdq      gap      omega  full diag
   1     -3.0452440 -0.304524E+01  0.100E+01    2.53       0.0  T
   2     -3.0502894 -0.504540E-02  0.611E+00    2.17       1.0  T
   3     -3.0505656 -0.276163E-03  0.369E-01    1.87       1.0  T
   4     -3.0507614 -0.195860E-03  0.140E-01    1.93       1.0  T
   5     -3.0507575  0.390672E-05  0.496E-02    1.92       1.0  T
   6     -3.0507635 -0.595130E-05  0.348E-03    1.93      14.4  T
   7     -3.0507635 -0.168193E-07  0.668E-04    1.93      74.9  T
   8     -3.0507635 -0.354553E-09  0.136E-06    1.93   36652.2  T

   *** convergence criteria satisfied after 8 iterations ***

         #    Occupation            Energy/Eh            Energy/eV
      -------------------------------------------------------------
         1        2.0000           -0.9583303             -26.0775
         2        2.0000           -0.8442634             -22.9736
         3        2.0000           -0.8442624             -22.9735 (HOMO)
         4                         -0.7732775             -21.0420 (LUMO)
         5                         -0.1430974              -3.8939
         6                         -0.0994599              -2.7064
         7                         -0.0994078              -2.7050
      -------------------------------------------------------------
                  HL-Gap            0.0709849 Eh            1.9316 eV
             Fermi-level           -0.8087699 Eh          -22.0077 eV

 SCC (total)                   0 d,  0 h,  0 min,  0.001 sec
 SCC setup                      ...        0 min,  0.000 sec ( 10.462%)
 Dispersion                     ...        0 min,  0.000 sec (  2.575%)
 classical contributions        ...        0 min,  0.000 sec (  1.369%)
 integral evaluation            ...        0 min,  0.000 sec (  9.093%)
 iterations                     ...        0 min,  0.001 sec ( 58.030%)
 molecular gradient             ...        0 min,  0.000 sec ( 13.036%)
 printout                       ...        0 min,  0.000 sec (  3.780%)

         :::::::::::::::::::::::::::::::::::::::::::::::::::::
         ::                     SUMMARY                     ::
         :::::::::::::::::::::::::::::::::::::::::::::::::::::
         :: total energy              -2.991681254793 Eh    ::
         :: gradient norm              0.060036333523 Eh/a0 ::
         :: HOMO-LUMO gap              1.931597776674 eV    ::
         ::.................................................::
         :: SCC energy                -3.050763495175 Eh    ::
         :: -> isotropic ES            0.162651776047 Eh    ::
         :: -> anisotropic ES         -0.017978943009 Eh    ::
         :: -> anisotropic XC          0.012004693322 Eh    ::
         :: -> dispersion             -0.000212280521 Eh    ::
         :: repulsion energy           0.059082239010 Eh    ::
         :: add. restraining           0.000000000000 Eh    ::
         :: total charge               1.000000000000 e     ::
         :::::::::::::::::::::::::::::::::::::::::::::::::::::

           ------------------------------------------------- 
          |                Numerical Hessian                |
           ------------------------------------------------- 
step length          :   0.00500
SCC accuracy         :   0.30000
Hessian scale factor :   1.00000
frozen atoms in %    :   0.00000    0
RMS gradient         :   0.07852 !! INCOMPLETELY OPTIMIZED GEOMETRY !!
estimated CPU  time      0.00 min
estimated wall time      0.00 min

writing file <hessian>.

 projected vibrational frequencies (cm⁻¹)
eigval :       -0.00    -0.00     0.00     0.00     0.00     0.00
eigval :     1004.71  1101.27  1101.29  3193.98  3196.88  3197.24
           -------------------------------------------------
          |                Property Printout                |
           -------------------------------------------------

    * Orbital Energies and Occupations

         #    Occupation            Energy/Eh            Energy/eV
      -------------------------------------------------------------
         1        2.0000           -0.9583303             -26.0775
         2        2.0000           -0.8442634             -22.9736
         3        2.0000           -0.8442624             -22.9735 (HOMO)
         4                         -0.7732774             -21.0420 (LUMO)
         5                         -0.1430974              -3.8939
         6                         -0.0994599              -2.7064
         7                         -0.0994077              -2.7050
      -------------------------------------------------------------
                  HL-Gap            0.0709849 Eh            1.9316 eV
             Fermi-level           -0.8087699 Eh          -22.0077 eV

     #   Z          covCN         q      C6AA      α(0)
     1   6 C        2.780     0.132    25.102     8.206
     2   1 H        0.927     0.289     0.741     1.346
     3   1 H        0.927     0.289     0.741     1.346
     4   1 H        0.927     0.289     0.741     1.346

 Mol. C6AA /au·bohr⁶  :         57.602710
 Mol. C8AA /au·bohr⁸  :       1289.640391
 Mol. α(0) /au        :         12.243367


Wiberg/Mayer (AO) data.
largest (>0.10) Wiberg bond orders for each atom

 ---------------------------------------------------------------------------
     #   Z sym  total        # sym  WBO       # sym  WBO       # sym  WBO
 ---------------------------------------------------------------------------
     1   6 C    2.748 --     3 H    0.916     4 H    0.916     2 H    0.916
     2   1 H    0.916 --     1 C    0.916
     3   1 H    0.916 --     1 C    0.916
     4   1 H    0.916 --     1 C    0.916
 ---------------------------------------------------------------------------

Topologies differ in total number of bonds
Writing topology from bond orders to xtbtopo.mol

molecular dipole:
                 x           y           z       tot (Debye)
 q only:       -5.690       3.695       0.000
   full:       -5.592       3.417       0.000      16.656
molecular quadrupole (traceless):
                xx          xy          yy          xz          yz          zz
 q only:       26.057     -30.812      -3.808      -0.000       0.000     -22.248
  q+dip:       25.963     -27.903      -5.294      -0.000       0.000     -20.669
   full:       25.502     -28.554      -4.143      -0.000       0.000     -21.360

           -------------------------------------------------
          |               Frequency Printout                |
           -------------------------------------------------
 projected vibrational frequencies (cm⁻¹)
eigval :       -0.00    -0.00     0.00     0.00     0.00     0.00
eigval :     1004.71  1101.27  1101.29  3193.98  3196.88  3197.24
 reduced masses (amu)
   1:  9.42   2:  8.06   3:  8.61   4:  1.41   5:  2.12   6:  3.54   7:  3.00   8:  1.80
   9:  1.80  10:  1.23  11:  2.06  12:  2.05
 IR intensities (km·mol⁻¹)
   1: 54.77   2: 45.52   3: 41.29   4: 18.39   5:  3.03   6: 38.98   7: 16.75   8:134.92
   9:134.81  10: 37.96  11:178.11  12:177.61
 Raman intensities (amu)
   1:  0.00   2:  0.00   3:  0.00   4:  0.00   5:  0.00   6:  0.00   7:  0.00   8:  0.00
   9:  0.00  10:  0.00  11:  0.00  12:  0.00
 output can be read by thermo (or use thermo option).
 writing <g98.out> molden fake output.
 recommended (thermochemical) frequency scaling factor: 1.0
           -------------------------------------------------
          |             Thermodynamic Functions             |
           -------------------------------------------------

Refinement of some symmetry elements was terminated before convergence was reached.
Some symmetry elements may remain unidentified.
Molecule has the following symmetry elements: (C3) 3*(sigma) 
It seems to be the C3v point group
c3v symmetry found (for desy threshold:  0.10E+00) used in thermo

          ...................................................
          :                      SETUP                      :
          :.................................................:
          :  # frequencies                           6      :
          :  # imaginary freq.                       0      :
          :  linear?                             false      :
          :  only rotor calc.                    false      :
          :  symmetry                              c3v      :
          :  rotational number                       3      :
          :  scaling factor                  1.0000000      :
          :  rotor cutoff                   50.0000000 cm⁻¹ :
          :  imag. cutoff                  -20.0000000 cm⁻¹ :
          :.................................................:

    mode    ω/cm⁻¹     T·S(HO)/kcal·mol⁻¹    T·S(FR)/kcal·mol⁻¹   T·S(vib)
   ------------------------------------------------------------------------
   ------------------------------------------------------------------------

   temp. (K)  partition function   enthalpy   heat capacity  entropy
                                   cal/mol     cal/K/mol   cal/K/mol   J/K/mol
 298.15  VIB   1.02                   53.846      0.930      0.216
         ROT   82.5                  888.752      2.981     11.749
         INT   83.9                  942.598      3.911     11.965
         TR   0.564E+26             1481.254      4.968     34.055
         TOT                        2423.8523     8.8792    46.0198   192.5467

       T/K    H(0)-H(T)+PV         H(T)/Eh          T*S/Eh         G(T)/Eh
   ------------------------------------------------------------------------
    298.15    0.386265E-02    0.330126E-01    0.218655E-01    0.111472E-01
   ------------------------------------------------------------------------

         :::::::::::::::::::::::::::::::::::::::::::::::::::::
         ::                  THERMODYNAMIC                  ::
         :::::::::::::::::::::::::::::::::::::::::::::::::::::
         :: total free energy          -2.980534088951 Eh   ::
         ::.................................................::
         :: total energy               -2.991681254793 Eh   ::
         :: zero point energy           0.029149985608 Eh   ::
         :: G(RRHO) w/o ZPVE           -0.018002819766 Eh   ::
         :: G(RRHO) contrib.            0.011147165842 Eh   ::
         :::::::::::::::::::::::::::::::::::::::::::::::::::::

           -------------------------------------------------
          | TOTAL ENERGY               -2.991681254793 Eh   |
          | TOTAL ENTHALPY             -2.958668614698 Eh   |
          | TOTAL FREE ENERGY          -2.980534088951 Eh   |
          | GRADIENT NORM               0.078520951805 Eh/α |
          | HOMO-LUMO GAP               1.931598088963 eV   |
           -------------------------------------------------
########################################################################
[WARNING] Runtime exception occurred
-1- hessian_numhess: Hessian on incompletely optimized geometry!
########################################################################

------------------------------------------------------------------------
 * finished run on 2022/05/29 at 19:36:00.815     
------------------------------------------------------------------------
 total:
 * wall-time:     0 d,  0 h,  0 min,  0.038 sec
 *  cpu-time:     0 d,  0 h,  0 min,  0.508 sec
 * ratio c/w:    13.488 speedup
 SCF:
 * wall-time:     0 d,  0 h,  0 min,  0.001 sec
 *  cpu-time:     0 d,  0 h,  0 min,  0.021 sec
 * ratio c/w:    15.997 speedup
 analytical hessian:
 * wall-time:     0 d,  0 h,  0 min,  0.003 sec
 *  cpu-time:     0 d,  0 h,  0 min,  0.049 sec
 * ratio c/w:    14.134 speedup

normal termination of xtb
