 Entering Gaussian System
 *********************************************
 Gaussian 98:
 frequency output generated by the xtb code
 *********************************************
                         Standard orientation:
 --------------------------------------------------------------------
  Center     Atomic     Atomic              Coordinates (Angstroms)
  Number     Number      Type              X           Y           Z
 --------------------------------------------------------------------
    1          6             0       -2.907691    1.663115    0.000007
    2          1             0       -2.550986    2.167515    0.873705
    3          1             0       -3.977691    1.663121    0.000011
    4          1             0       -2.550992    2.167512   -0.873695
 --------------------------------------------------------------------
     1 basis functions        1 primitive gaussians
     1 alpha electrons        1 beta electrons
 
 Harmonic frequencies (cm**-1), IR intensities (km*mol⁻¹),
 Raman scattering activities (A**4/amu), Raman depolarization ratios,
 reduced masses (AMU), force constants (mDyne/A) and normal coordinates:
                      1                      2                      3
                        a                      a                      a 
 Frequencies --  1004.7090              1101.2675              1101.2882
 Red. masses --     3.0034                 1.8036                 1.8036
 Frc consts  --     0.0000                 0.0000                 0.0000
 IR Inten    --    16.7530               134.9168               134.8102
 Raman Activ --     0.0000                 0.0000                 0.0000
 Depolar     --     0.0000                 0.0000                 0.0000
 Atom AN      X      Y      Z        X      Y      Z        X      Y      Z
   1   6     0.14  -0.40   0.00    -0.25  -0.09   0.00     0.00   0.00   0.27
   2   1    -0.25   0.43  -0.16     0.46   0.28  -0.38     0.42  -0.05  -0.09
   3   1     0.01   0.52  -0.00    -0.05  -0.25  -0.00    -0.00   0.00  -0.74
   4   1    -0.25   0.43   0.16     0.46   0.28   0.38    -0.42   0.05  -0.09
                      4                      5                      6
                        a                      a                      a 
 Frequencies --  3193.9759              3196.8845              3197.2396
 Red. masses --     1.2287                 2.0568                 2.0537
 Frc consts  --     0.0000                 0.0000                 0.0000
 IR Inten    --    37.9568               178.1126               177.6142
 Raman Activ --     0.0000                 0.0000                 0.0000
 Depolar     --     0.0000                 0.0000                 0.0000
 Atom AN      X      Y      Z        X      Y      Z        X      Y      Z
   1   6    -0.03   0.14  -0.00    -0.00  -0.00  -0.31     0.29   0.09  -0.00
   2   1    -0.21  -0.25  -0.49     0.24   0.31   0.54    -0.10  -0.16  -0.30
   3   1     0.52   0.03  -0.00     0.00  -0.00  -0.02    -0.81  -0.01   0.00
   4   1    -0.21  -0.25   0.49    -0.24  -0.31   0.54    -0.10  -0.16   0.30
