      -----------------------------------------------------------      
     |                   =====================                   |     
     |                           x T B                           |     
     |                   =====================                   |     
     |                         S. Grimme                         |     
     |          Mulliken Center for Theoretical Chemistry        |     
     |                    University of Bonn                     |     
      -----------------------------------------------------------      

   * xtb version 6.4.1 (afa7bdf) compiled by 'ehlert@majestix' on 2021-06-10

   xtb is free software: you can redistribute it and/or modify it under
   the terms of the GNU Lesser General Public License as published by
   the Free Software Foundation, either version 3 of the License, or
   (at your option) any later version.
   
   xtb is distributed in the hope that it will be useful,
   but WITHOUT ANY WARRANTY; without even the implied warranty of
   MERCHANTABILITY or FITNESS FOR A PARTICULAR PURPOSE.  See the
   GNU Lesser General Public License for more details.
   
   Cite this work as:
   * C. Bannwarth, E. Caldeweyher, S. Ehlert, A. Hansen, P. Pracht,
     J. Seibert, S. Spicher, S. Grimme, WIREs Comput. Mol. Sci., 2020, 11,
     e01493. DOI: 10.1002/wcms.1493
   
   for GFN2-xTB:
   * C. Bannwarth, S. Ehlert and S. Grimme., J. Chem. Theory Comput., 2019,
     15, 1652-1671. DOI: 10.1021/acs.jctc.8b01176
   for GFN1-xTB:
   * S. Grimme, C. Bannwarth, P. Shushkov, J. Chem. Theory Comput., 2017,
     13, 1989-2009. DOI: 10.1021/acs.jctc.7b00118
   for GFN0-xTB:
   * P. Pracht, E. Caldeweyher, S. Ehlert, S. Grimme, ChemRxiv, 2019, preprint.
     DOI: 10.26434/chemrxiv.8326202.v1
   for GFN-FF:
   * S. Spicher and S. Grimme, Angew. Chem. Int. Ed., 2020, 59, 15665-15673.
     DOI: 10.1002/anie.202004239
   
   for DFT-D4:
   * E. Caldeweyher, C. Bannwarth and S. Grimme, J. Chem. Phys., 2017,
     147, 034112. DOI: 10.1063/1.4993215
   * E. Caldeweyher, S. Ehlert, A. Hansen, H. Neugebauer, S. Spicher,
     C. Bannwarth and S. Grimme, J. Chem. Phys., 2019, 150, 154122.
     DOI: 10.1063/1.5090222
   * E. Caldeweyher, J.-M. Mewes, S. Ehlert and S. Grimme, Phys. Chem. Chem. Phys.
     2020, 22, 8499-8512. DOI: 10.1039/D0CP00502A
   
   for sTDA-xTB:
   * S. Grimme and C. Bannwarth, J. Chem. Phys., 2016, 145, 054103.
     DOI: 10.1063/1.4959605
   
   in the mass-spec context:
   * V. Asgeirsson, C. Bauer and S. Grimme, Chem. Sci., 2017, 8, 4879.
     DOI: 10.1039/c7sc00601b
   * J. Koopman and S. Grimme, ACS Omega 2019, 4, 12, 15120-15133.
     DOI: 10.1021/acsomega.9b02011
   
   for metadynamics refer to:
   * S. Grimme, J. Chem. Theory Comput., 2019, 155, 2847-2862
     DOI: 10.1021/acs.jctc.9b00143
   
   for SPH calculations refer to:
   * S. Spicher and S. Grimme, J. Chem. Theory Comput., 2021, 17, 1701-1714
     DOI: 10.1021/acs.jctc.0c01306
   
   with help from (in alphabetical order)
   P. Atkinson, C. Bannwarth, F. Bohle, G. Brandenburg, E. Caldeweyher
   M. Checinski, S. Dohm, S. Ehlert, S. Ehrlich, I. Gerasimov, J. Koopman
   C. Lavigne, S. Lehtola, F. März, M. Müller, F. Musil, H. Neugebauer
   J. Pisarek, C. Plett, P. Pracht, J. Seibert, P. Shushkov, S. Spicher
   M. Stahn, M. Steiner, T. Strunk, J. Stückrath, T. Rose, and J. Unsleber
   
 * started run on 2022/07/14 at 09:16:15.922     

           -------------------------------------------------
          |                Calculation Setup                |
           -------------------------------------------------

          program call               : xtb in.xyz --opt tight --chrg 1
          hostname                   : web
          coordinate file            : in.xyz
          omp threads                :                    16
          number of atoms            :                     4
          number of electrons        :                     6
          charge                     :                     1
          spin                       :                   0.0
          first test random number   :      0.74481804683317

   ID    Z sym.   atoms
    1    6 C      1
    2    1 H      2-4

           -------------------------------------------------
          |                 G F N 2 - x T B                 |
           -------------------------------------------------

        Reference                      10.1021/acs.jctc.8b01176
      * Hamiltonian:
        H0-scaling (s, p, d)           1.850000    2.230000    2.230000
        zeta-weighting                 0.500000
      * Dispersion:
        s8                             2.700000
        a1                             0.520000
        a2                             5.000000
        s9                             5.000000
      * Repulsion:
        kExp                           1.500000    1.000000
        rExp                           1.000000
      * Coulomb:
        alpha                          2.000000
        third order                    shell-resolved
        anisotropic                    true
        a3                             3.000000
        a5                             4.000000
        cn-shift                       1.200000
        cn-exp                         4.000000
        max-rad                        5.000000


          ...................................................
          :                      SETUP                      :
          :.................................................:
          :  # basis functions                   7          :
          :  # atomic orbitals                   7          :
          :  # shells                            5          :
          :  # electrons                         6          :
          :  max. iterations                   250          :
          :  Hamiltonian                  GFN2-xTB          :
          :  restarted?                      false          :
          :  GBSA solvation                  false          :
          :  PC potential                    false          :
          :  electronic temp.          300.0000000     K    :
          :  accuracy                    1.0000000          :
          :  -> integral cutoff          0.2500000E+02      :
          :  -> integral neglect         0.1000000E-07      :
          :  -> SCF convergence          0.1000000E-05 Eh   :
          :  -> wf. convergence          0.1000000E-03 e    :
          :  Broyden damping             0.4000000          :
          ...................................................

 iter      E             dE          RMSdq      gap      omega  full diag
   1     -3.0452440 -0.304524E+01  0.100E+01    2.53       0.0  T
   2     -3.0502894 -0.504540E-02  0.611E+00    2.17       1.0  T
   3     -3.0505656 -0.276163E-03  0.369E-01    1.87       1.0  T
   4     -3.0507614 -0.195860E-03  0.140E-01    1.93       1.0  T
   5     -3.0507575  0.390672E-05  0.496E-02    1.92       1.0  T
   6     -3.0507635 -0.595130E-05  0.348E-03    1.93      14.4  T
   7     -3.0507635 -0.168193E-07  0.668E-04    1.93      74.9  T
   8     -3.0507635 -0.354553E-09  0.136E-06    1.93   36652.2  T

   *** convergence criteria satisfied after 8 iterations ***

         #    Occupation            Energy/Eh            Energy/eV
      -------------------------------------------------------------
         1        2.0000           -0.9583303             -26.0775
         2        2.0000           -0.8442634             -22.9736
         3        2.0000           -0.8442624             -22.9735 (HOMO)
         4                         -0.7732775             -21.0420 (LUMO)
         5                         -0.1430974              -3.8939
         6                         -0.0994599              -2.7064
         7                         -0.0994078              -2.7050
      -------------------------------------------------------------
                  HL-Gap            0.0709849 Eh            1.9316 eV
             Fermi-level           -0.8087699 Eh          -22.0077 eV

 SCC (total)                   0 d,  0 h,  0 min,  0.005 sec
 SCC setup                      ...        0 min,  0.001 sec ( 14.953%)
 Dispersion                     ...        0 min,  0.000 sec (  1.241%)
 classical contributions        ...        0 min,  0.000 sec (  0.474%)
 integral evaluation            ...        0 min,  0.001 sec ( 13.695%)
 iterations                     ...        0 min,  0.003 sec ( 58.319%)
 molecular gradient             ...        0 min,  0.001 sec ( 10.465%)
 printout                       ...        0 min,  0.000 sec (  0.548%)

         :::::::::::::::::::::::::::::::::::::::::::::::::::::
         ::                     SUMMARY                     ::
         :::::::::::::::::::::::::::::::::::::::::::::::::::::
         :: total energy              -2.991681254793 Eh    ::
         :: gradient norm              0.060036333523 Eh/a0 ::
         :: HOMO-LUMO gap              1.931597776674 eV    ::
         ::.................................................::
         :: SCC energy                -3.050763495175 Eh    ::
         :: -> isotropic ES            0.162651776047 Eh    ::
         :: -> anisotropic ES         -0.017978943009 Eh    ::
         :: -> anisotropic XC          0.012004693322 Eh    ::
         :: -> dispersion             -0.000212280521 Eh    ::
         :: repulsion energy           0.059082239010 Eh    ::
         :: add. restraining           0.000000000000 Eh    ::
         :: total charge               1.000000000000 e     ::
         :::::::::::::::::::::::::::::::::::::::::::::::::::::

      ----------------------------------------------------------- 
     |                   =====================                   |
     |                        A N C O P T                        |
     |                   =====================                   |
     |               Approximate Normal Coordinate               |
     |                Rational Function Optimizer                |
      ----------------------------------------------------------- 

          ...................................................
          :                      SETUP                      :
          :.................................................:
          :   optimization level             tight          :
          :   max. optcycles                   200          :
          :   ANC micro-cycles                  20          :
          :   degrees of freedom                 6          :
          :.................................................:
          :   RF solver                   davidson          :
          :   write xtbopt.log                true          :
          :   linear?                        false          :
          :   energy convergence         0.1000000E-05 Eh   :
          :   grad. convergence          0.8000000E-03 Eh/α :
          :   maximium RF displ.         1.0000000          :
          :   Hlow (freq-cutoff)         0.1000000E-01      :
          :   Hmax (freq-cutoff)         5.0000000          :
          :   S6 in model hess.         20.0000000          :
          ...................................................

generating ANC from model Hessian ...
Using Lindh-Hessian (1995)
 Shifting diagonal of input Hessian by   0.000000000000000E+000
 Lowest  eigenvalues of input Hessian
    0.000000    0.000000    0.000000    0.000000    0.000000    0.000000
    0.114829    0.138782    0.138804    0.637276    1.131465    1.131550
 Highest eigenvalues
    0.114829    0.138782    0.138804    0.637276    1.131465    1.131550
 

........................................................................
.............................. CYCLE    1 ..............................
........................................................................
   1     -3.0507635 -0.305076E+01  0.170E-07    1.93       0.0  T
   2     -3.0507635  0.532907E-14  0.691E-08    1.93  100000.0  T
   3     -3.0507635 -0.222045E-14  0.354E-08    1.93  100000.0  T
     SCC iter.                  ...        0 min,  0.000 sec
     gradient                   ...        0 min,  0.000 sec
 * total energy  :    -2.9916813 Eh     change       -0.4884981E-14 Eh
   gradient norm :     0.0465983 Eh/α   predicted     0.0000000E+00 (-100.00%)
   displ. norm   :     0.2912168 α      lambda       -0.1174210E-01
   maximum displ.:     0.2860485 α      in ANC's #1, #4, #2, ...

........................................................................
.............................. CYCLE    2 ..............................
........................................................................
   1     -3.0540162 -0.305402E+01  0.145E+00    2.13       0.0  T
   2     -3.0540821 -0.659004E-04  0.916E-01    2.10       1.0  T
   3     -3.0541207 -0.385597E-04  0.106E-01    2.07       1.0  T
   4     -3.0541208 -0.994768E-07  0.228E-02    2.07       2.2  T
   5     -3.0541210 -0.270683E-06  0.321E-03    2.07      15.6  T
   6     -3.0541211 -0.143572E-07  0.542E-04    2.07      92.3  T
   7     -3.0541211 -0.473510E-10  0.680E-05    2.07     735.5  T
     SCC iter.                  ...        0 min,  0.000 sec
     gradient                   ...        0 min,  0.000 sec
 * total energy  :    -3.0085943 Eh     change       -0.1691307E-01 Eh
   gradient norm :     0.0534234 Eh/α   predicted    -0.6368962E-02 ( -62.34%)
   displ. norm   :     0.9830227 α      lambda       -0.3871098E-01
   maximum displ.:     0.9746365 α      in ANC's #1, #4, #2, ...

........................................................................
.............................. CYCLE    3 ..............................
........................................................................
   1     -2.9781404 -0.297814E+01  0.366E+00    1.95       0.0  T
   2     -2.9786652 -0.524808E-03  0.231E+00    1.99       1.0  T
   3     -2.9788896 -0.224389E-03  0.270E-01    1.96       1.0  T
   4     -2.9789437 -0.541564E-04  0.158E-01    2.00       1.0  T
   5     -2.9789450 -0.129675E-05  0.186E-02    2.00       2.7  T
   6     -2.9789453 -0.270355E-06  0.703E-03    2.00       7.1  T
   7     -2.9789453 -0.396052E-07  0.298E-03    2.00      16.8  T
   8     -2.9789453 -0.478768E-08  0.203E-04    2.00     246.9  T
   9     -2.9789453 -0.998974E-10  0.485E-05    2.00    1030.6  T
     SCC iter.                  ...        0 min,  0.000 sec
     gradient                   ...        0 min,  0.000 sec
 * total energy  :    -2.9697745 Eh     change        0.3881978E-01 Eh
   gradient norm :     0.1208559 Eh/α   predicted    -0.3805949E-01 (-198.04%)
   displ. norm   :     0.5271361 α      lambda       -0.6111699E-01
   maximum displ.:     0.5220393 α      in ANC's #1, #4, #2, ...

........................................................................
.............................. CYCLE    4 ..............................
........................................................................
   1     -3.0362227 -0.303622E+01  0.172E+00    2.18       0.0  T
   2     -3.0363336 -0.110962E-03  0.109E+00    2.17       1.0  T
   3     -3.0364019 -0.682241E-04  0.133E-01    2.16       1.0  T
   4     -3.0364019 -0.566524E-07  0.107E-02    2.16       4.7  T
   5     -3.0364021 -0.183278E-06  0.354E-03    2.16      14.1  T
   6     -3.0364021 -0.167494E-08  0.202E-03    2.16      24.8  T
   7     -3.0364021 -0.889171E-09  0.266E-04    2.16     187.8  T
   8     -3.0364021 -0.239351E-10  0.290E-05    2.16    1723.6  T
     SCC iter.                  ...        0 min,  0.000 sec
     gradient                   ...        0 min,  0.000 sec
 * total energy  :    -3.0106971 Eh     change       -0.4092260E-01 Eh
   gradient norm :     0.0618446 Eh/α   predicted    -0.3904987E-01 (  -4.58%)
   displ. norm   :     0.2201179 α      lambda       -0.8464050E-02
   maximum displ.:     0.2157315 α      in ANC's #1, #4, #2, ...

........................................................................
.............................. CYCLE    5 ..............................
........................................................................
   1     -3.0518678 -0.305187E+01  0.818E-01    2.15       0.0  T
   2     -3.0518948 -0.270395E-04  0.519E-01    2.15       1.0  T
   3     -3.0519115 -0.166593E-04  0.674E-02    2.16       1.0  T
   4     -3.0519115 -0.123903E-07  0.332E-03    2.16      15.0  T
   5     -3.0519115 -0.124215E-07  0.111E-03    2.15      45.1  T
   6     -3.0519115 -0.186345E-09  0.547E-04    2.15      91.4  T
   7     -3.0519115 -0.304388E-10  0.607E-05    2.15     823.7  T
     SCC iter.                  ...        0 min,  0.000 sec
     gradient                   ...        0 min,  0.000 sec
 * total energy  :    -3.0148807 Eh     change       -0.4183571E-02 Eh
   gradient norm :     0.0430325 Eh/α   predicted    -0.4437074E-02 (   6.06%)
   displ. norm   :     0.0143401 α      lambda       -0.4916370E-03
   maximum displ.:     0.0088760 α      in ANC's #4, #2, #1, ...

........................................................................
.............................. CYCLE    6 ..............................
........................................................................
   1     -3.0527278 -0.305273E+01  0.617E-02    2.16       0.0  T
   2     -3.0527279 -0.114908E-06  0.390E-02    2.16       1.3  T
   3     -3.0527279 -0.583586E-07  0.416E-03    2.16      12.0  T
   4     -3.0527279 -0.620719E-09  0.113E-03    2.16      44.3  T
   5     -3.0527279 -0.278368E-10  0.163E-04    2.16     306.8  T
   6     -3.0527279 -0.626876E-11  0.996E-06    2.16    5022.0  T
     SCC iter.                  ...        0 min,  0.000 sec
     gradient                   ...        0 min,  0.000 sec
 * total energy  :    -3.0153565 Eh     change       -0.4758323E-03 Eh
   gradient norm :     0.0405942 Eh/α   predicted    -0.2458690E-03 ( -48.33%)
   displ. norm   :     0.1917978 α      lambda       -0.6970193E-02
   maximum displ.:     0.1487634 α      in ANC's #4, #2, #1, ...

........................................................................
.............................. CYCLE    7 ..............................
........................................................................
   1     -3.0639700 -0.306397E+01  0.840E-01    2.24       0.0  T
   2     -3.0639908 -0.207973E-04  0.535E-01    2.23       1.0  T
   3     -3.0640024 -0.115793E-04  0.524E-02    2.22       1.0  T
   4     -3.0640025 -0.920692E-07  0.746E-03    2.22       6.7  T
   5     -3.0640025 -0.822134E-08  0.117E-03    2.22      42.7  T
   6     -3.0640025 -0.642122E-09  0.180E-04    2.22     277.1  T
   7     -3.0640025 -0.125793E-10  0.282E-05    2.22    1773.6  T
     SCC iter.                  ...        0 min,  0.000 sec
     gradient                   ...        0 min,  0.000 sec
 * total energy  :    -3.0191496 Eh     change       -0.3793057E-02 Eh
   gradient norm :     0.0098160 Eh/α   predicted    -0.3613300E-02 (  -4.74%)
   displ. norm   :     0.0368598 α      lambda       -0.2678539E-03
   maximum displ.:     0.0259940 α      in ANC's #1, #4, #2, ...

........................................................................
.............................. CYCLE    8 ..............................
........................................................................
   1     -3.0643085 -0.306431E+01  0.182E-01    2.23       0.0  T
   2     -3.0643095 -0.100179E-05  0.117E-01    2.23       1.0  T
   3     -3.0643101 -0.578752E-06  0.108E-02    2.23       4.6  T
   4     -3.0643101 -0.447066E-08  0.488E-04    2.23     102.4  T
   5     -3.0643101 -0.100384E-09  0.164E-04    2.23     304.6  T
     SCC iter.                  ...        0 min,  0.000 sec
     gradient                   ...        0 min,  0.000 sec
 * total energy  :    -3.0193234 Eh     change       -0.1737736E-03 Eh
   gradient norm :     0.0047630 Eh/α   predicted    -0.1341079E-03 ( -22.83%)
   displ. norm   :     0.0193149 α      lambda       -0.6749715E-04
   maximum displ.:     0.0135332 α      in ANC's #4, #2, #6, ...

........................................................................
.............................. CYCLE    9 ..............................
........................................................................
   1     -3.0652096 -0.306521E+01  0.731E-02    2.23       0.0  T
   2     -3.0652097 -0.140879E-06  0.453E-02    2.23       1.1  T
   3     -3.0652098 -0.762041E-07  0.490E-03    2.23      10.2  T
   4     -3.0652098 -0.805440E-09  0.435E-04    2.23     114.9  T
   5     -3.0652098 -0.452114E-10  0.150E-04    2.23     332.8  T
     SCC iter.                  ...        0 min,  0.000 sec
     gradient                   ...        0 min,  0.000 sec
 * total energy  :    -3.0193587 Eh     change       -0.3529524E-04 Eh
   gradient norm :     0.0005767 Eh/α   predicted    -0.3376209E-04 (  -4.34%)
   displ. norm   :     0.0050794 α      lambda       -0.1542357E-05
   maximum displ.:     0.0048094 α      in ANC's #2, #4, #6, ...

........................................................................
.............................. CYCLE   10 ..............................
........................................................................
   1     -3.0650713 -0.306507E+01  0.154E-02    2.23       0.0  T
   2     -3.0650713 -0.232738E-08  0.902E-03    2.23       5.5  T
   3     -3.0650713 -0.988917E-09  0.363E-04    2.23     137.6  T
   4     -3.0650713 -0.295852E-10  0.859E-05    2.23     582.2  T
     SCC iter.                  ...        0 min,  0.000 sec
     gradient                   ...        0 min,  0.000 sec
 * total energy  :    -3.0193594 Eh     change       -0.7479572E-06 Eh
   gradient norm :     0.0004617 Eh/α   predicted    -0.7711517E-06 (   3.10%)
   displ. norm   :     0.0011115 α      lambda       -0.2421389E-06
   maximum displ.:     0.0008613 α      in ANC's #1, #6, #2, ...

   *** GEOMETRY OPTIMIZATION CONVERGED AFTER 10 ITERATIONS ***

------------------------------------------------------------------------
 total energy gain   :        -0.0276782 Eh      -17.3683 kcal/mol
 total RMSD          :         0.3300343 a0        0.1746 Å
 total power (kW/mol):        -7.2669019 (step)********** (real)
------------------------------------------------------------------------

 ANCopt (total)                0 d,  0 h,  0 min,  0.006 sec
 optimizer setup                ...        0 min,  0.000 sec (  7.883%)
 model hessian                  ...        0 min,  0.000 sec (  8.212%)
 ANC generation                 ...        0 min,  0.000 sec (  3.174%)
 coordinate transformation      ...        0 min,  0.000 sec (  0.489%)
 single point calculation       ...        0 min,  0.003 sec ( 58.345%)
 optimization log               ...        0 min,  0.000 sec (  2.434%)
 hessian update                 ...        0 min,  0.000 sec (  0.827%)
 rational function              ...        0 min,  0.001 sec ( 13.775%)

================
 final structure:
================
4
 xtb: 6.4.1 (afa7bdf)
C        -2.99709192337896    1.91537607962171   -0.00000000208093
H        -2.47697630210003    2.09906925160570    0.95520503966758
H        -4.03635548330511    1.54768541421987    0.00000000718563
H        -2.47697629121589    2.09906925455272   -0.95520504477228
 
 Bond Distances (Angstroems)
 ---------------------------
C1-H2=1.1030         C1-H3=1.1024         C1-H4=1.1030         H2-C1=1.1030         H3-C1=1.1024         H4-C1=1.1030         
 C  H  Rav=1.1028 sigma=0.0003  Rmin=1.1024  Rmax=1.1030     3
 
 selected bond angles (degree)
 --------------------
H3-C1-H2=120.01                H4-C1-H2=119.99                H4-C1-H3=120.01                
 
 selected dihedral angles (degree)
 ---------------------------------

           -------------------------------------------------
          |                Final Singlepoint                |
           -------------------------------------------------

          ...................................................
          :                      SETUP                      :
          :.................................................:
          :  # basis functions                   7          :
          :  # atomic orbitals                   7          :
          :  # shells                            5          :
          :  # electrons                         6          :
          :  max. iterations                   250          :
          :  Hamiltonian                  GFN2-xTB          :
          :  restarted?                      false          :
          :  GBSA solvation                  false          :
          :  PC potential                    false          :
          :  electronic temp.          300.0000000     K    :
          :  accuracy                    1.0000000          :
          :  -> integral cutoff          0.2500000E+02      :
          :  -> integral neglect         0.1000000E-07      :
          :  -> SCF convergence          0.1000000E-05 Eh   :
          :  -> wf. convergence          0.1000000E-03 e    :
          :  Broyden damping             0.4000000          :
          ...................................................

 iter      E             dE          RMSdq      gap      omega  full diag
   1     -3.0650713 -0.306507E+01  0.249E-05    2.23       0.0  T
   2     -3.0650713 -0.158984E-12  0.134E-05    2.23    3735.7  T
   3     -3.0650713 -0.319744E-13  0.247E-06    2.23   20271.9  T

   *** convergence criteria satisfied after 3 iterations ***

         #    Occupation            Energy/Eh            Energy/eV
      -------------------------------------------------------------
         1        2.0000           -0.9470473             -25.7705
         2        2.0000           -0.8396635             -22.8484
         3        2.0000           -0.8396300             -22.8475 (HOMO)
         4                         -0.7575029             -20.6127 (LUMO)
         5                         -0.2519427              -6.8557
         6                         -0.1003169              -2.7298
         7                         -0.0995289              -2.7083
      -------------------------------------------------------------
                  HL-Gap            0.0821271 Eh            2.2348 eV
             Fermi-level           -0.7985664 Eh          -21.7301 eV

 SCC (total)                   0 d,  0 h,  0 min,  0.000 sec
 SCC setup                      ...        0 min,  0.000 sec ( 11.304%)
 Dispersion                     ...        0 min,  0.000 sec (  3.406%)
 classical contributions        ...        0 min,  0.000 sec (  2.101%)
 integral evaluation            ...        0 min,  0.000 sec ( 11.812%)
 iterations                     ...        0 min,  0.000 sec ( 36.232%)
 molecular gradient             ...        0 min,  0.000 sec ( 25.507%)
 printout                       ...        0 min,  0.000 sec (  6.667%)

         :::::::::::::::::::::::::::::::::::::::::::::::::::::
         ::                     SUMMARY                     ::
         :::::::::::::::::::::::::::::::::::::::::::::::::::::
         :: total energy              -3.019359422297 Eh    ::
         :: gradient norm              0.000471435001 Eh/a0 ::
         :: HOMO-LUMO gap              2.234792600393 eV    ::
         ::.................................................::
         :: SCC energy                -3.065071336612 Eh    ::
         :: -> isotropic ES            0.156490888788 Eh    ::
         :: -> anisotropic ES         -0.024189524779 Eh    ::
         :: -> anisotropic XC          0.016610433619 Eh    ::
         :: -> dispersion             -0.000208217535 Eh    ::
         :: repulsion energy           0.045711912092 Eh    ::
         :: add. restraining           0.000000000000 Eh    ::
         :: total charge               1.000000000000 e     ::
         :::::::::::::::::::::::::::::::::::::::::::::::::::::

           -------------------------------------------------
          |                Property Printout                |
           -------------------------------------------------

    * Orbital Energies and Occupations

         #    Occupation            Energy/Eh            Energy/eV
      -------------------------------------------------------------
         1        2.0000           -0.9470473             -25.7705
         2        2.0000           -0.8396635             -22.8484
         3        2.0000           -0.8396300             -22.8475 (HOMO)
         4                         -0.7575029             -20.6127 (LUMO)
         5                         -0.2519427              -6.8557
         6                         -0.1003169              -2.7298
         7                         -0.0995289              -2.7083
      -------------------------------------------------------------
                  HL-Gap            0.0821271 Eh            2.2348 eV
             Fermi-level           -0.7985664 Eh          -21.7301 eV

     #   Z          covCN         q      C6AA      α(0)
     1   6 C        2.768     0.094    25.901     8.335
     2   1 H        0.923     0.302     0.702     1.311
     3   1 H        0.923     0.302     0.703     1.311
     4   1 H        0.923     0.302     0.702     1.311

 Mol. C6AA /au·bohr⁶  :         57.780932
 Mol. C8AA /au·bohr⁸  :       1303.415866
 Mol. α(0) /au        :         12.266943


Wiberg/Mayer (AO) data.
largest (>0.10) Wiberg bond orders for each atom

 ---------------------------------------------------------------------------
     #   Z sym  total        # sym  WBO       # sym  WBO       # sym  WBO
 ---------------------------------------------------------------------------
     1   6 C    2.723 --     3 H    0.908     2 H    0.908     4 H    0.908
     2   1 H    0.909 --     1 C    0.908
     3   1 H    0.909 --     1 C    0.908
     4   1 H    0.909 --     1 C    0.908
 ---------------------------------------------------------------------------

Topologies differ in total number of bonds
Writing topology from bond orders to xtbtopo.mol

molecular dipole:
                 x           y           z       tot (Debye)
 q only:       -5.663       3.619      -0.000
   full:       -5.663       3.620       0.000      17.083
molecular quadrupole (traceless):
                xx          xy          yy          xz          yz          zz
 q only:       26.173     -29.817      -4.574      -0.000      -0.000     -21.599
  q+dip:       26.537     -29.306      -5.481      -0.000      -0.000     -21.056
   full:       25.925     -30.171      -3.952      -0.000      -0.000     -21.974

           -------------------------------------------------
          |                Geometry Summary                 |
           -------------------------------------------------

      molecular mass/u    :       15.0345581
   center of mass at/Å    :       -2.9970270       1.9153557      -0.0000000
  moments of inertia/u·Å² :        0.1838274E+01   0.1839324E+01   0.3677598E+01
rotational constants/cm⁻¹ :        0.9170357E+01   0.9165124E+01   0.4583870E+01


optimized geometry written to: xtbopt.xyz


           -------------------------------------------------
          | TOTAL ENERGY               -3.019359422297 Eh   |
          | GRADIENT NORM               0.000471435001 Eh/α |
          | HOMO-LUMO GAP               2.234792600393 eV   |
           -------------------------------------------------

------------------------------------------------------------------------
 * finished run on 2022/07/14 at 09:16:15.981     
------------------------------------------------------------------------
 total:
 * wall-time:     0 d,  0 h,  0 min,  0.058 sec
 *  cpu-time:     0 d,  0 h,  0 min,  0.757 sec
 * ratio c/w:    13.068 speedup
 SCF:
 * wall-time:     0 d,  0 h,  0 min,  0.006 sec
 *  cpu-time:     0 d,  0 h,  0 min,  0.085 sec
 * ratio c/w:    14.395 speedup
 ANC optimizer:
 * wall-time:     0 d,  0 h,  0 min,  0.007 sec
 *  cpu-time:     0 d,  0 h,  0 min,  0.103 sec
 * ratio c/w:    15.758 speedup

normal termination of xtb
