      -----------------------------------------------------------      
     |                   =====================                   |     
     |                           x T B                           |     
     |                   =====================                   |     
     |                         S. Grimme                         |     
     |          Mulliken Center for Theoretical Chemistry        |     
     |                    University of Bonn                     |     
      -----------------------------------------------------------      

   * xtb version 6.4.1 (afa7bdf) compiled by 'ehlert@majestix' on 2021-06-10

   xtb is free software: you can redistribute it and/or modify it under
   the terms of the GNU Lesser General Public License as published by
   the Free Software Foundation, either version 3 of the License, or
   (at your option) any later version.
   
   xtb is distributed in the hope that it will be useful,
   but WITHOUT ANY WARRANTY; without even the implied warranty of
   MERCHANTABILITY or FITNESS FOR A PARTICULAR PURPOSE.  See the
   GNU Lesser General Public License for more details.
   
   Cite this work as:
   * C. Bannwarth, E. Caldeweyher, S. Ehlert, A. Hansen, P. Pracht,
     J. Seibert, S. Spicher, S. Grimme, WIREs Comput. Mol. Sci., 2020, 11,
     e01493. DOI: 10.1002/wcms.1493
   
   for GFN2-xTB:
   * C. Bannwarth, S. Ehlert and S. Grimme., J. Chem. Theory Comput., 2019,
     15, 1652-1671. DOI: 10.1021/acs.jctc.8b01176
   for GFN1-xTB:
   * S. Grimme, C. Bannwarth, P. Shushkov, J. Chem. Theory Comput., 2017,
     13, 1989-2009. DOI: 10.1021/acs.jctc.7b00118
   for GFN0-xTB:
   * P. Pracht, E. Caldeweyher, S. Ehlert, S. Grimme, ChemRxiv, 2019, preprint.
     DOI: 10.26434/chemrxiv.8326202.v1
   for GFN-FF:
   * S. Spicher and S. Grimme, Angew. Chem. Int. Ed., 2020, 59, 15665-15673.
     DOI: 10.1002/anie.202004239
   
   for DFT-D4:
   * E. Caldeweyher, C. Bannwarth and S. Grimme, J. Chem. Phys., 2017,
     147, 034112. DOI: 10.1063/1.4993215
   * E. Caldeweyher, S. Ehlert, A. Hansen, H. Neugebauer, S. Spicher,
     C. Bannwarth and S. Grimme, J. Chem. Phys., 2019, 150, 154122.
     DOI: 10.1063/1.5090222
   * E. Caldeweyher, J.-M. Mewes, S. Ehlert and S. Grimme, Phys. Chem. Chem. Phys.
     2020, 22, 8499-8512. DOI: 10.1039/D0CP00502A
   
   for sTDA-xTB:
   * S. Grimme and C. Bannwarth, J. Chem. Phys., 2016, 145, 054103.
     DOI: 10.1063/1.4959605
   
   in the mass-spec context:
   * V. Asgeirsson, C. Bauer and S. Grimme, Chem. Sci., 2017, 8, 4879.
     DOI: 10.1039/c7sc00601b
   * J. Koopman and S. Grimme, ACS Omega 2019, 4, 12, 15120-15133.
     DOI: 10.1021/acsomega.9b02011
   
   for metadynamics refer to:
   * S. Grimme, J. Chem. Theory Comput., 2019, 155, 2847-2862
     DOI: 10.1021/acs.jctc.9b00143
   
   for SPH calculations refer to:
   * S. Spicher and S. Grimme, J. Chem. Theory Comput., 2021, 17, 1701-1714
     DOI: 10.1021/acs.jctc.0c01306
   
   with help from (in alphabetical order)
   P. Atkinson, C. Bannwarth, F. Bohle, G. Brandenburg, E. Caldeweyher
   M. Checinski, S. Dohm, S. Ehlert, S. Ehrlich, I. Gerasimov, J. Koopman
   C. Lavigne, S. Lehtola, F. März, M. Müller, F. Musil, H. Neugebauer
   J. Pisarek, C. Plett, P. Pracht, J. Seibert, P. Shushkov, S. Spicher
   M. Stahn, M. Steiner, T. Strunk, J. Stückrath, T. Rose, and J. Unsleber
   
 * started run on 2022/05/31 at 14:12:39.651     

           -------------------------------------------------
          |                Calculation Setup                |
           -------------------------------------------------

          program call               : xtb in.xyz --hess
          hostname                   : web
          coordinate file            : in.xyz
          omp threads                :                    16
          number of atoms            :                     5
          number of electrons        :                     8
          charge                     :                     0
          spin                       :                   0.0
          first test random number   :      0.59956845825692

   ID    Z sym.   atoms
    1    6 C      1
    2    1 H      2-5

           -------------------------------------------------
          |                 G F N 2 - x T B                 |
           -------------------------------------------------

        Reference                      10.1021/acs.jctc.8b01176
      * Hamiltonian:
        H0-scaling (s, p, d)           1.850000    2.230000    2.230000
        zeta-weighting                 0.500000
      * Dispersion:
        s8                             2.700000
        a1                             0.520000
        a2                             5.000000
        s9                             5.000000
      * Repulsion:
        kExp                           1.500000    1.000000
        rExp                           1.000000
      * Coulomb:
        alpha                          2.000000
        third order                    shell-resolved
        anisotropic                    true
        a3                             3.000000
        a5                             4.000000
        cn-shift                       1.200000
        cn-exp                         4.000000
        max-rad                        5.000000


          ...................................................
          :                      SETUP                      :
          :.................................................:
          :  # basis functions                   8          :
          :  # atomic orbitals                   8          :
          :  # shells                            6          :
          :  # electrons                         8          :
          :  max. iterations                   250          :
          :  Hamiltonian                  GFN2-xTB          :
          :  restarted?                      false          :
          :  GBSA solvation                  false          :
          :  PC potential                    false          :
          :  electronic temp.          300.0000000     K    :
          :  accuracy                    1.0000000          :
          :  -> integral cutoff          0.2500000E+02      :
          :  -> integral neglect         0.1000000E-07      :
          :  -> SCF convergence          0.1000000E-05 Eh   :
          :  -> wf. convergence          0.1000000E-03 e    :
          :  Broyden damping             0.4000000          :
          ...................................................

 iter      E             dE          RMSdq      gap      omega  full diag
   1     -4.2352612 -0.423526E+01  0.243E+00   17.75       0.0  T
   2     -4.2472310 -0.119698E-01  0.928E-01   17.56       1.0  T
   3     -4.2473948 -0.163807E-03  0.500E-01   17.46       1.0  T
   4     -4.2474369 -0.421362E-04  0.925E-02   17.35       1.0  T
   5     -4.2474368  0.111234E-06  0.698E-03   17.35       6.4  T
   6     -4.2474370 -0.145524E-06  0.191E-04   17.35     234.0  T
   7     -4.2474370 -0.109845E-09  0.432E-06   17.35   10351.5  T

   *** convergence criteria satisfied after 7 iterations ***

         #    Occupation            Energy/Eh            Energy/eV
      -------------------------------------------------------------
         1        2.0000           -0.5818266             -15.8323
         2        2.0000           -0.4674550             -12.7201
         3        2.0000           -0.4674536             -12.7201
         4        2.0000           -0.4674534             -12.7201 (HOMO)
         5                          0.1701662               4.6305 (LUMO)
         6                          0.2291649               6.2359
         7                          0.2291650               6.2359
         8                          0.2291786               6.2363
      -------------------------------------------------------------
                  HL-Gap            0.6376195 Eh           17.3505 eV
             Fermi-level           -0.1486436 Eh           -4.0448 eV

 SCC (total)                   0 d,  0 h,  0 min,  0.002 sec
 SCC setup                      ...        0 min,  0.000 sec (  8.953%)
 Dispersion                     ...        0 min,  0.000 sec (  3.347%)
 classical contributions        ...        0 min,  0.000 sec (  1.791%)
 integral evaluation            ...        0 min,  0.000 sec ( 10.909%)
 iterations                     ...        0 min,  0.001 sec ( 60.207%)
 molecular gradient             ...        0 min,  0.000 sec (  9.890%)
 printout                       ...        0 min,  0.000 sec (  3.347%)

         :::::::::::::::::::::::::::::::::::::::::::::::::::::
         ::                     SUMMARY                     ::
         :::::::::::::::::::::::::::::::::::::::::::::::::::::
         :: total energy              -4.175218513486 Eh    ::
         :: gradient norm              0.000069161105 Eh/a0 ::
         :: HOMO-LUMO gap             17.350510469798 eV    ::
         ::.................................................::
         :: SCC energy                -4.247436977708 Eh    ::
         :: -> isotropic ES            0.002035129608 Eh    ::
         :: -> anisotropic ES          0.002322615224 Eh    ::
         :: -> anisotropic XC          0.003586412117 Eh    ::
         :: -> dispersion             -0.000661020528 Eh    ::
         :: repulsion energy           0.072218458629 Eh    ::
         :: add. restraining           0.000000000000 Eh    ::
         :: total charge              -0.000000000000 e     ::
         :::::::::::::::::::::::::::::::::::::::::::::::::::::

           ------------------------------------------------- 
          |                Numerical Hessian                |
           ------------------------------------------------- 
step length          :   0.00500
SCC accuracy         :   0.30000
Hessian scale factor :   1.00000
frozen atoms in %    :   0.00000    0
RMS gradient         :   0.00007
estimated CPU  time      0.00 min
estimated wall time      0.00 min

writing file <hessian>.

 projected vibrational frequencies (cm⁻¹)
eigval :       -0.00    -0.00    -0.00    -0.00     0.00     0.00
eigval :     1385.79  1385.83  1385.89  1557.27  1557.28  3089.93
eigval :     3103.46  3103.49  3103.70
           -------------------------------------------------
          |                Property Printout                |
           -------------------------------------------------

    * Orbital Energies and Occupations

         #    Occupation            Energy/Eh            Energy/eV
      -------------------------------------------------------------
         1        2.0000           -0.5818266             -15.8323
         2        2.0000           -0.4674550             -12.7201
         3        2.0000           -0.4674537             -12.7201
         4        2.0000           -0.4674534             -12.7201 (HOMO)
         5                          0.1701661               4.6305 (LUMO)
         6                          0.2291648               6.2359
         7                          0.2291650               6.2359
         8                          0.2291785               6.2363
      -------------------------------------------------------------
                  HL-Gap            0.6376195 Eh           17.3505 eV
             Fermi-level           -0.1486436 Eh           -4.0448 eV

     #   Z          covCN         q      C6AA      α(0)
     1   6 C        3.702    -0.156    23.687     6.959
     2   1 H        0.925     0.039     2.463     2.454
     3   1 H        0.925     0.039     2.463     2.454
     4   1 H        0.925     0.039     2.463     2.454
     5   1 H        0.925     0.039     2.463     2.454

 Mol. C6AA /au·bohr⁶  :        123.836248
 Mol. C8AA /au·bohr⁸  :       2297.155396
 Mol. α(0) /au        :         16.776741


Wiberg/Mayer (AO) data.
largest (>0.10) Wiberg bond orders for each atom

 ---------------------------------------------------------------------------
     #   Z sym  total        # sym  WBO       # sym  WBO       # sym  WBO
 ---------------------------------------------------------------------------
     1   6 C    3.994 --     3 H    0.998     5 H    0.998     2 H    0.998
                             4 H    0.998
     2   1 H    0.998 --     1 C    0.998
     3   1 H    0.998 --     1 C    0.998
     4   1 H    0.998 --     1 C    0.998
     5   1 H    0.998 --     1 C    0.998
 ---------------------------------------------------------------------------

Topologies differ in total number of bonds
Writing topology from bond orders to xtbtopo.mol

molecular dipole:
                 x           y           z       tot (Debye)
 q only:        0.000       0.000      -0.000
   full:       -0.000      -0.000      -0.000       0.000
molecular quadrupole (traceless):
                xx          xy          yy          xz          yz          zz
 q only:        0.000       0.000       0.000      -0.000      -0.000      -0.000
  q+dip:       -0.000       0.000       0.000      -0.000      -0.000      -0.000
   full:       -0.000       0.000       0.000      -0.000      -0.000      -0.000

           -------------------------------------------------
          |               Frequency Printout                |
           -------------------------------------------------
 projected vibrational frequencies (cm⁻¹)
eigval :       -0.00    -0.00    -0.00    -0.00     0.00     0.00
eigval :     1385.79  1385.83  1385.89  1557.27  1557.28  3089.93
eigval :     3103.46  3103.49  3103.70
 reduced masses (amu)
   1:  5.72   2:  3.57   3:  2.66   4:  9.03   5:  3.86   6:  5.91   7:  2.85   8:  2.85
   9:  2.85  10:  1.01  11:  1.01  12:  1.01  13:  1.93  14:  1.93  15:  1.93
 IR intensities (km·mol⁻¹)
   1:  0.00   2:  0.00   3:  0.00   4:  0.00   5:  0.00   6:  0.00   7: 14.68   8: 14.61
   9: 14.81  10:  0.00  11:  0.00  12:  0.00  13: 29.43  14: 29.47  15: 29.04
 Raman intensities (amu)
   1:  0.00   2:  0.00   3:  0.00   4:  0.00   5:  0.00   6:  0.00   7:  0.00   8:  0.00
   9:  0.00  10:  0.00  11:  0.00  12:  0.00  13:  0.00  14:  0.00  15:  0.00
 output can be read by thermo (or use thermo option).
 writing <g98.out> molden fake output.
 recommended (thermochemical) frequency scaling factor: 1.0
           -------------------------------------------------
          |             Thermodynamic Functions             |
           -------------------------------------------------

Molecule has the following symmetry elements: 4*(C3) 3*(C2) 3*(S4) 6*(sigma) 
It seems to be the Td point group
td  symmetry found (for desy threshold:  0.10E+00) used in thermo

          ...................................................
          :                      SETUP                      :
          :.................................................:
          :  # frequencies                           9      :
          :  # imaginary freq.                       0      :
          :  linear?                             false      :
          :  only rotor calc.                    false      :
          :  symmetry                               td      :
          :  rotational number                      12      :
          :  scaling factor                  1.0000000      :
          :  rotor cutoff                   50.0000000 cm⁻¹ :
          :  imag. cutoff                  -20.0000000 cm⁻¹ :
          :.................................................:

    mode    ω/cm⁻¹     T·S(HO)/kcal·mol⁻¹    T·S(FR)/kcal·mol⁻¹   T·S(vib)
   ------------------------------------------------------------------------
   ------------------------------------------------------------------------

   temp. (K)  partition function   enthalpy   heat capacity  entropy
                                   cal/mol     cal/K/mol   cal/K/mol   J/K/mol
 298.15  VIB   1.00                   19.699      0.456      0.076
         ROT   35.6                  888.752      2.981     10.078
         INT   35.7                  908.452      3.437     10.153
         TR   0.622E+26             1481.254      4.968     34.248
         TOT                        2389.7055     8.4052    44.4011   185.7742

       T/K    H(0)-H(T)+PV         H(T)/Eh          T*S/Eh         G(T)/Eh
   ------------------------------------------------------------------------
    298.15    0.380824E-02    0.486258E-01    0.210964E-01    0.275294E-01
   ------------------------------------------------------------------------

         :::::::::::::::::::::::::::::::::::::::::::::::::::::
         ::                  THERMODYNAMIC                  ::
         :::::::::::::::::::::::::::::::::::::::::::::::::::::
         :: total free energy          -4.147689092194 Eh   ::
         ::.................................................::
         :: total energy               -4.175218513486 Eh   ::
         :: zero point energy           0.044817574245 Eh   ::
         :: G(RRHO) w/o ZPVE           -0.017288152953 Eh   ::
         :: G(RRHO) contrib.            0.027529421292 Eh   ::
         :::::::::::::::::::::::::::::::::::::::::::::::::::::

           -------------------------------------------------
          | TOTAL ENERGY               -4.175218513486 Eh   |
          | TOTAL ENTHALPY             -4.126592701064 Eh   |
          | TOTAL FREE ENERGY          -4.147689092194 Eh   |
          | GRADIENT NORM               0.000069186991 Eh/α |
          | HOMO-LUMO GAP              17.350510084425 eV   |
           -------------------------------------------------

------------------------------------------------------------------------
 * finished run on 2022/05/31 at 14:12:39.713     
------------------------------------------------------------------------
 total:
 * wall-time:     0 d,  0 h,  0 min,  0.062 sec
 *  cpu-time:     0 d,  0 h,  0 min,  0.801 sec
 * ratio c/w:    12.953 speedup
 SCF:
 * wall-time:     0 d,  0 h,  0 min,  0.002 sec
 *  cpu-time:     0 d,  0 h,  0 min,  0.030 sec
 * ratio c/w:    15.950 speedup
 analytical hessian:
 * wall-time:     0 d,  0 h,  0 min,  0.004 sec
 *  cpu-time:     0 d,  0 h,  0 min,  0.057 sec
 * ratio c/w:    14.805 speedup

normal termination of xtb
