 Entering Gaussian System
 *********************************************
 Gaussian 98:
 frequency output generated by the xtb code
 *********************************************
                         Standard orientation:
 --------------------------------------------------------------------
  Center     Atomic     Atomic              Coordinates (Angstroms)
  Number     Number      Type              X           Y           Z
 --------------------------------------------------------------------
    1          6             0        4.291840    3.658779   -0.001825
    2          1             0        4.652568    2.638453   -0.000684
    3          1             0        4.653514    4.170254    0.880662
    4          1             0        4.651650    4.167623   -0.886579
    5          1             0        3.209625    3.658779   -0.000681
 --------------------------------------------------------------------
     1 basis functions        1 primitive gaussians
     1 alpha electrons        1 beta electrons
 
 Harmonic frequencies (cm**-1), IR intensities (km*mol⁻¹),
 Raman scattering activities (A**4/amu), Raman depolarization ratios,
 reduced masses (AMU), force constants (mDyne/A) and normal coordinates:
                      1                      2                      3
                        a                      a                      a 
 Frequencies --  1385.7940              1385.8297              1385.8904
 Red. masses --     2.8511                 2.8510                 2.8510
 Frc consts  --     0.0000                 0.0000                 0.0000
 IR Inten    --    14.6765                14.6124                14.8072
 Raman Activ --     0.0000                 0.0000                 0.0000
 Depolar     --     0.0000                 0.0000                 0.0000
 Atom AN      X      Y      Z        X      Y      Z        X      Y      Z
   1   6    -0.02  -0.02  -0.41    -0.37   0.18   0.01     0.18   0.37  -0.03
   2   1     0.04   0.01   0.56     0.36   0.17  -0.02    -0.38  -0.09   0.04
   3   1    -0.14  -0.22   0.13     0.49  -0.26  -0.05    -0.13  -0.35   0.29
   4   1     0.19   0.25   0.17     0.48  -0.28   0.04    -0.11  -0.32  -0.27
   5   1    -0.00   0.03   0.56    -0.05  -0.24  -0.02     0.02  -0.50   0.04
                      4                      5                      6
                        a                      a                      a 
 Frequencies --  1557.2747              1557.2776              3089.9327
 Red. masses --     1.0079                 1.0079                 1.0079
 Frc consts  --     0.0000                 0.0000                 0.0000
 IR Inten    --     0.0006                 0.0000                 0.0004
 Raman Activ --     0.0000                 0.0000                 0.0000
 Depolar     --     0.0000                 0.0000                 0.0000
 Atom AN      X      Y      Z        X      Y      Z        X      Y      Z
   1   6     0.00   0.00  -0.00     0.00  -0.00  -0.00     0.00   0.00   0.00
   2   1     0.47   0.17   0.01     0.01   0.00  -0.50    -0.17   0.47  -0.00
   3   1    -0.23  -0.34   0.29    -0.41   0.28   0.01    -0.17  -0.24  -0.41
   4   1    -0.24  -0.33  -0.29     0.40  -0.29  -0.01    -0.17  -0.23   0.41
   5   1    -0.00   0.50  -0.01     0.00   0.01   0.50     0.50   0.00  -0.00
                      7                      8                      9
                        a                      a                      a 
 Frequencies --  3103.4579              3103.4868              3103.6972
 Red. masses --     1.9301                 1.9300                 1.9300
 Frc consts  --     0.0000                 0.0000                 0.0000
 IR Inten    --    29.4345                29.4695                29.0405
 Raman Activ --     0.0000                 0.0000                 0.0000
 Depolar     --     0.0000                 0.0000                 0.0000
 Atom AN      X      Y      Z        X      Y      Z        X      Y      Z
   1   6    -0.21  -0.20  -0.04     0.20  -0.21  -0.01     0.02   0.03  -0.29
   2   1    -0.15   0.31  -0.01    -0.24   0.71  -0.00     0.03  -0.06  -0.04
   3   1     0.17   0.25   0.47     0.07   0.03   0.09     0.21   0.30   0.47
   4   1     0.10   0.16  -0.32     0.05   0.01  -0.06    -0.25  -0.36   0.59
   5   1     0.59  -0.03  -0.01    -0.57  -0.03  -0.00    -0.06   0.00  -0.04
