      -----------------------------------------------------------      
     |                   =====================                   |     
     |                           x T B                           |     
     |                   =====================                   |     
     |                         S. Grimme                         |     
     |          Mulliken Center for Theoretical Chemistry        |     
     |                    University of Bonn                     |     
      -----------------------------------------------------------      

   * xtb version 6.4.1 (afa7bdf) compiled by 'ehlert@majestix' on 2021-06-10

   xtb is free software: you can redistribute it and/or modify it under
   the terms of the GNU Lesser General Public License as published by
   the Free Software Foundation, either version 3 of the License, or
   (at your option) any later version.
   
   xtb is distributed in the hope that it will be useful,
   but WITHOUT ANY WARRANTY; without even the implied warranty of
   MERCHANTABILITY or FITNESS FOR A PARTICULAR PURPOSE.  See the
   GNU Lesser General Public License for more details.
   
   Cite this work as:
   * C. Bannwarth, E. Caldeweyher, S. Ehlert, A. Hansen, P. Pracht,
     J. Seibert, S. Spicher, S. Grimme, WIREs Comput. Mol. Sci., 2020, 11,
     e01493. DOI: 10.1002/wcms.1493
   
   for GFN2-xTB:
   * C. Bannwarth, S. Ehlert and S. Grimme., J. Chem. Theory Comput., 2019,
     15, 1652-1671. DOI: 10.1021/acs.jctc.8b01176
   for GFN1-xTB:
   * S. Grimme, C. Bannwarth, P. Shushkov, J. Chem. Theory Comput., 2017,
     13, 1989-2009. DOI: 10.1021/acs.jctc.7b00118
   for GFN0-xTB:
   * P. Pracht, E. Caldeweyher, S. Ehlert, S. Grimme, ChemRxiv, 2019, preprint.
     DOI: 10.26434/chemrxiv.8326202.v1
   for GFN-FF:
   * S. Spicher and S. Grimme, Angew. Chem. Int. Ed., 2020, 59, 15665-15673.
     DOI: 10.1002/anie.202004239
   
   for DFT-D4:
   * E. Caldeweyher, C. Bannwarth and S. Grimme, J. Chem. Phys., 2017,
     147, 034112. DOI: 10.1063/1.4993215
   * E. Caldeweyher, S. Ehlert, A. Hansen, H. Neugebauer, S. Spicher,
     C. Bannwarth and S. Grimme, J. Chem. Phys., 2019, 150, 154122.
     DOI: 10.1063/1.5090222
   * E. Caldeweyher, J.-M. Mewes, S. Ehlert and S. Grimme, Phys. Chem. Chem. Phys.
     2020, 22, 8499-8512. DOI: 10.1039/D0CP00502A
   
   for sTDA-xTB:
   * S. Grimme and C. Bannwarth, J. Chem. Phys., 2016, 145, 054103.
     DOI: 10.1063/1.4959605
   
   in the mass-spec context:
   * V. Asgeirsson, C. Bauer and S. Grimme, Chem. Sci., 2017, 8, 4879.
     DOI: 10.1039/c7sc00601b
   * J. Koopman and S. Grimme, ACS Omega 2019, 4, 12, 15120-15133.
     DOI: 10.1021/acsomega.9b02011
   
   for metadynamics refer to:
   * S. Grimme, J. Chem. Theory Comput., 2019, 155, 2847-2862
     DOI: 10.1021/acs.jctc.9b00143
   
   for SPH calculations refer to:
   * S. Spicher and S. Grimme, J. Chem. Theory Comput., 2021, 17, 1701-1714
     DOI: 10.1021/acs.jctc.0c01306
   
   with help from (in alphabetical order)
   P. Atkinson, C. Bannwarth, F. Bohle, G. Brandenburg, E. Caldeweyher
   M. Checinski, S. Dohm, S. Ehlert, S. Ehrlich, I. Gerasimov, J. Koopman
   C. Lavigne, S. Lehtola, F. März, M. Müller, F. Musil, H. Neugebauer
   J. Pisarek, C. Plett, P. Pracht, J. Seibert, P. Shushkov, S. Spicher
   M. Stahn, M. Steiner, T. Strunk, J. Stückrath, T. Rose, and J. Unsleber
   
 * started run on 2022/05/29 at 19:35:58.511     

           -------------------------------------------------
          |                Calculation Setup                |
           -------------------------------------------------

          program call               : xtb in.xyz --opt tight --input input
          hostname                   : web
          coordinate file            : in.xyz
          omp threads                :                    16
          number of atoms            :                     5
          number of electrons        :                     8
          charge                     :                     0
          spin                       :                   0.0
          first test random number   :      0.93328216175036

   ID    Z sym.   atoms
    1    6 C      1
    2    1 H      2-5
constraining bond 1 4 to    1.0749541 Å, actual value:    1.0749541 Å

           -------------------------------------------------
          |                 G F N 2 - x T B                 |
           -------------------------------------------------

        Reference                      10.1021/acs.jctc.8b01176
      * Hamiltonian:
        H0-scaling (s, p, d)           1.850000    2.230000    2.230000
        zeta-weighting                 0.500000
      * Dispersion:
        s8                             2.700000
        a1                             0.520000
        a2                             5.000000
        s9                             5.000000
      * Repulsion:
        kExp                           1.500000    1.000000
        rExp                           1.000000
      * Coulomb:
        alpha                          2.000000
        third order                    shell-resolved
        anisotropic                    true
        a3                             3.000000
        a5                             4.000000
        cn-shift                       1.200000
        cn-exp                         4.000000
        max-rad                        5.000000


          ...................................................
          :                      SETUP                      :
          :.................................................:
          :  # basis functions                   8          :
          :  # atomic orbitals                   8          :
          :  # shells                            6          :
          :  # electrons                         8          :
          :  max. iterations                   250          :
          :  Hamiltonian                  GFN2-xTB          :
          :  restarted?                      false          :
          :  GBSA solvation                  false          :
          :  PC potential                    false          :
          :  electronic temp.          300.0000000     K    :
          :  accuracy                    1.0000000          :
          :  -> integral cutoff          0.2500000E+02      :
          :  -> integral neglect         0.1000000E-07      :
          :  -> SCF convergence          0.1000000E-05 Eh   :
          :  -> wf. convergence          0.1000000E-03 e    :
          :  Broyden damping             0.4000000          :
          ...................................................

 iter      E             dE          RMSdq      gap      omega  full diag
   1     -4.2425396 -0.424254E+01  0.240E+00   18.33       0.0  T
   2     -4.2535445 -0.110049E-01  0.944E-01   18.14       1.0  T
   3     -4.2537289 -0.184374E-03  0.496E-01   18.04       1.0  T
   4     -4.2537662 -0.373428E-04  0.873E-02   17.94       1.0  T
   5     -4.2537661  0.155265E-06  0.774E-03   17.94       5.8  T
   6     -4.2537663 -0.177374E-06  0.215E-04   17.94     208.3  T
   7     -4.2537663 -0.101114E-09  0.768E-05   17.94     582.5  T

   *** convergence criteria satisfied after 7 iterations ***

         #    Occupation            Energy/Eh            Energy/eV
      -------------------------------------------------------------
         1        2.0000           -0.5838651             -15.8878
         2        2.0000           -0.4684912             -12.7483
         3        2.0000           -0.4683411             -12.7442
         4        2.0000           -0.4680739             -12.7369 (HOMO)
         5                          0.1911059               5.2003 (LUMO)
         6                          0.2431744               6.6171
         7                          0.2491729               6.7803
         8                          0.2524149               6.8686
      -------------------------------------------------------------
                  HL-Gap            0.6591798 Eh           17.9372 eV
             Fermi-level           -0.1384840 Eh           -3.7683 eV

 SCC (total)                   0 d,  0 h,  0 min,  0.002 sec
 SCC setup                      ...        0 min,  0.000 sec ( 10.277%)
 Dispersion                     ...        0 min,  0.000 sec (  2.594%)
 classical contributions        ...        0 min,  0.000 sec (  1.196%)
 integral evaluation            ...        0 min,  0.000 sec (  8.821%)
 iterations                     ...        0 min,  0.001 sec ( 57.740%)
 molecular gradient             ...        0 min,  0.000 sec ( 12.828%)
 printout                       ...        0 min,  0.000 sec (  4.901%)

         :::::::::::::::::::::::::::::::::::::::::::::::::::::
         ::                     SUMMARY                     ::
         :::::::::::::::::::::::::::::::::::::::::::::::::::::
         :: total energy              -4.174846013005 Eh    ::
         :: gradient norm              0.017367930426 Eh/a0 ::
         :: HOMO-LUMO gap             17.937194417470 eV    ::
         ::.................................................::
         :: SCC energy                -4.253766252369 Eh    ::
         :: -> isotropic ES            0.002126497047 Eh    ::
         :: -> anisotropic ES          0.002098574807 Eh    ::
         :: -> anisotropic XC          0.003310809483 Eh    ::
         :: -> dispersion             -0.000659154868 Eh    ::
         :: repulsion energy           0.078920234178 Eh    ::
         :: add. restraining           0.000000000000 Eh    ::
         :: total charge              -0.000000000000 e     ::
         :::::::::::::::::::::::::::::::::::::::::::::::::::::

      ----------------------------------------------------------- 
     |                   =====================                   |
     |                        A N C O P T                        |
     |                   =====================                   |
     |               Approximate Normal Coordinate               |
     |                Rational Function Optimizer                |
      ----------------------------------------------------------- 

          ...................................................
          :                      SETUP                      :
          :.................................................:
          :   optimization level             tight          :
          :   max. optcycles                   200          :
          :   ANC micro-cycles                  20          :
          :   degrees of freedom                 9          :
          :.................................................:
          :   RF solver                   davidson          :
          :   write xtbopt.log                true          :
          :   linear?                        false          :
          :   energy convergence         0.1000000E-05 Eh   :
          :   grad. convergence          0.8000000E-03 Eh/α :
          :   maximium RF displ.         1.0000000          :
          :   Hlow (freq-cutoff)         0.1000000E-01      :
          :   Hmax (freq-cutoff)         5.0000000          :
          :   S6 in model hess.         20.0000000          :
          ...................................................

generating ANC from model Hessian ...
Using Lindh-Hessian (1995)
 Shifting diagonal of input Hessian by   0.000000000000000E+000
 Lowest  eigenvalues of input Hessian
    0.000000    0.000000    0.000000    0.000000    0.000000    0.000000
    0.122293    0.122295    0.152355    0.152394    0.164437    0.534486
    1.204646    1.210276    5.095347
 Highest eigenvalues
    0.152394    0.164437    0.534486    1.204646    1.210276    5.095347
 

........................................................................
.............................. CYCLE    1 ..............................
........................................................................
   1     -4.2537663 -0.425377E+01  0.257E-06   17.94       0.0  T
   2     -4.2537663 -0.621725E-14  0.139E-06   17.94   32121.3  T
   3     -4.2537663  0.444089E-14  0.519E-07   17.94   86091.2  T
     SCC iter.                  ...        0 min,  0.000 sec
     gradient                   ...        0 min,  0.000 sec
 * total energy  :    -4.1748460 Eh     change       -0.1549161E-10 Eh
   gradient norm :     0.0173681 Eh/α   predicted     0.0000000E+00 (-100.00%)
   displ. norm   :     0.0346713 α      lambda       -0.5791667E-03
   maximum displ.:     0.0319399 α      in ANC's #6, #5, #8, ...

........................................................................
.............................. CYCLE    2 ..............................
........................................................................
   1     -4.2491905 -0.424919E+01  0.948E-02   17.52       0.0  T
   2     -4.2491957 -0.513209E-05  0.510E-02   17.52       1.0  T
   3     -4.2491959 -0.210285E-06  0.172E-02   17.51       2.6  T
   4     -4.2491959 -0.258699E-07  0.367E-03   17.51      12.2  T
   5     -4.2491959 -0.183090E-09  0.186E-04   17.51     239.9  T
   6     -4.2491959 -0.133484E-10  0.280E-05   17.51    1595.6  T
     SCC iter.                  ...        0 min,  0.000 sec
     gradient                   ...        0 min,  0.000 sec
 * total energy  :    -4.1751799 Eh     change       -0.3339071E-03 Eh
   gradient norm :     0.0036759 Eh/α   predicted    -0.2899296E-03 ( -13.17%)
   displ. norm   :     0.0068540 α      lambda       -0.2149029E-04
   maximum displ.:     0.0067740 α      in ANC's #6, #8, #5, ...

........................................................................
.............................. CYCLE    3 ..............................
........................................................................
   1     -4.2482909 -0.424829E+01  0.195E-02   17.42       0.0  T
   2     -4.2482911 -0.198420E-06  0.106E-02   17.42       4.2  T
   3     -4.2482911 -0.748882E-08  0.340E-03   17.42      13.2  T
   4     -4.2482911 -0.896307E-09  0.700E-04   17.42      63.9  T
   5     -4.2482911 -0.680345E-12  0.453E-06   17.42    9882.4  T
     SCC iter.                  ...        0 min,  0.000 sec
     gradient                   ...        0 min,  0.000 sec
 * total energy  :    -4.1751915 Eh     change       -0.1157615E-04 Eh
   gradient norm :     0.0005462 Eh/α   predicted    -0.1074496E-04 (  -7.18%)
   displ. norm   :     0.0017322 α      lambda       -0.3279365E-06
   maximum displ.:     0.0014857 α      in ANC's #5, #6, #8, ...

........................................................................
.............................. CYCLE    4 ..............................
........................................................................
   1     -4.2482065 -0.424821E+01  0.473E-03   17.41       0.0  T
   2     -4.2482066 -0.200868E-08  0.277E-03   17.41      16.2  T
   3     -4.2482066 -0.166487E-09  0.258E-04   17.41     173.5  T
   4     -4.2482066 -0.637268E-11  0.903E-05   17.41     495.1  T
     SCC iter.                  ...        0 min,  0.000 sec
     gradient                   ...        0 min,  0.000 sec
 * total energy  :    -4.1751917 Eh     change       -0.1704541E-06 Eh
   gradient norm :     0.0001692 Eh/α   predicted    -0.1639338E-06 (  -3.83%)
   displ. norm   :     0.0003674 α      lambda       -0.3289436E-07
   maximum displ.:     0.0003150 α      in ANC's #6, #5, #9, ...

   *** GEOMETRY OPTIMIZATION CONVERGED AFTER 4 ITERATIONS ***

------------------------------------------------------------------------
 total energy gain   :        -0.0003457 Eh       -0.2169 kcal/mol
 total RMSD          :         0.0184358 a0        0.0098 Å
 total power (kW/mol):        -0.2268785 (step) -231.5603 (real)
------------------------------------------------------------------------

 ANCopt (total)                0 d,  0 h,  0 min,  0.004 sec
 optimizer setup                ...        0 min,  0.000 sec (  3.274%)
 model hessian                  ...        0 min,  0.000 sec (  4.999%)
 ANC generation                 ...        0 min,  0.000 sec (  2.488%)
 coordinate transformation      ...        0 min,  0.000 sec (  0.805%)
 single point calculation       ...        0 min,  0.003 sec ( 68.563%)
 optimization log               ...        0 min,  0.000 sec (  5.120%)
 hessian update                 ...        0 min,  0.000 sec (  0.757%)
 rational function              ...        0 min,  0.000 sec (  6.870%)

================
 final structure:
================
5
 xtb: 6.4.1 (afa7bdf)
C         4.29252768771240    3.65980060222868   -0.00355361923948
H         4.65262687750855    2.63903501276393   -0.00110556800938
H         4.65356186141925    4.17038033968926    0.87997997280368
H         4.65027635684256    4.16573376009742   -0.88321534948513
H         3.21010721651724    3.65905028522072   -0.00110543606968
 
 Bond Distances (Angstroems)
 ---------------------------
C1-H2=1.0824         C1-H3=1.0824         C1-H4=1.0760         C1-H5=1.0824         H2-C1=1.0824         H3-C1=1.0824         
H4-C1=1.0760         H5-C1=1.0824         
 C  H  Rav=1.0808 sigma=0.0028  Rmin=1.0760  Rmax=1.0824     4
 
 selected bond angles (degree)
 --------------------
H3-C1-H2=109.39                H4-C1-H2=109.55                H4-C1-H3=109.55                H5-C1-H2=109.39                
H5-C1-H3=109.39                H5-C1-H4=109.55                
 
 selected dihedral angles (degree)
 ---------------------------------

           -------------------------------------------------
          |                Final Singlepoint                |
           -------------------------------------------------

          ...................................................
          :                      SETUP                      :
          :.................................................:
          :  # basis functions                   8          :
          :  # atomic orbitals                   8          :
          :  # shells                            6          :
          :  # electrons                         8          :
          :  max. iterations                   250          :
          :  Hamiltonian                  GFN2-xTB          :
          :  restarted?                      false          :
          :  GBSA solvation                  false          :
          :  PC potential                    false          :
          :  electronic temp.          300.0000000     K    :
          :  accuracy                    1.0000000          :
          :  -> integral cutoff          0.2500000E+02      :
          :  -> integral neglect         0.1000000E-07      :
          :  -> SCF convergence          0.1000000E-05 Eh   :
          :  -> wf. convergence          0.1000000E-03 e    :
          :  Broyden damping             0.4000000          :
          ...................................................

 iter      E             dE          RMSdq      gap      omega  full diag
   1     -4.2482066 -0.424821E+01  0.110E-05   17.41       0.0  T
   2     -4.2482066 -0.150990E-13  0.639E-06   17.41    7001.0  T
   3     -4.2482066 -0.710543E-14  0.961E-07   17.41   46549.8  T

   *** convergence criteria satisfied after 3 iterations ***

         #    Occupation            Energy/Eh            Energy/eV
      -------------------------------------------------------------
         1        2.0000           -0.5820722             -15.8390
         2        2.0000           -0.4678354             -12.7304
         3        2.0000           -0.4674172             -12.7191
         4        2.0000           -0.4674169             -12.7191 (HOMO)
         5                          0.1724166               4.6917 (LUMO)
         6                          0.2285013               6.2178
         7                          0.2285157               6.2182
         8                          0.2375868               6.4651
      -------------------------------------------------------------
                  HL-Gap            0.6398335 Eh           17.4108 eV
             Fermi-level           -0.1475001 Eh           -4.0137 eV

 SCC (total)                   0 d,  0 h,  0 min,  0.001 sec
 SCC setup                      ...        0 min,  0.000 sec ( 13.936%)
 Dispersion                     ...        0 min,  0.000 sec (  2.661%)
 classical contributions        ...        0 min,  0.000 sec (  1.471%)
 integral evaluation            ...        0 min,  0.000 sec (  9.104%)
 iterations                     ...        0 min,  0.000 sec ( 37.010%)
 molecular gradient             ...        0 min,  0.000 sec ( 20.098%)
 printout                       ...        0 min,  0.000 sec ( 11.905%)

         :::::::::::::::::::::::::::::::::::::::::::::::::::::
         ::                     SUMMARY                     ::
         :::::::::::::::::::::::::::::::::::::::::::::::::::::
         :: total energy              -4.175191666762 Eh    ::
         :: gradient norm              0.000169407833 Eh/a0 ::
         :: HOMO-LUMO gap             17.410756124259 eV    ::
         ::.................................................::
         :: SCC energy                -4.248206551893 Eh    ::
         :: -> isotropic ES            0.002046236142 Eh    ::
         :: -> anisotropic ES          0.002295117774 Eh    ::
         :: -> anisotropic XC          0.003552881750 Eh    ::
         :: -> dispersion             -0.000660795756 Eh    ::
         :: repulsion energy           0.073011038137 Eh    ::
         :: add. restraining           0.000003841451 Eh    ::
         :: total charge              -0.000000000000 e     ::
         :::::::::::::::::::::::::::::::::::::::::::::::::::::

           -------------------------------------------------
          |                Property Printout                |
           -------------------------------------------------

    * Orbital Energies and Occupations

         #    Occupation            Energy/Eh            Energy/eV
      -------------------------------------------------------------
         1        2.0000           -0.5820722             -15.8390
         2        2.0000           -0.4678354             -12.7304
         3        2.0000           -0.4674172             -12.7191
         4        2.0000           -0.4674169             -12.7191 (HOMO)
         5                          0.1724166               4.6917 (LUMO)
         6                          0.2285013               6.2178
         7                          0.2285157               6.2182
         8                          0.2375868               6.4651
      -------------------------------------------------------------
                  HL-Gap            0.6398335 Eh           17.4108 eV
             Fermi-level           -0.1475001 Eh           -4.0137 eV

     #   Z          covCN         q      C6AA      α(0)
     1   6 C        3.702    -0.156    23.696     6.960
     2   1 H        0.925     0.039     2.466     2.456
     3   1 H        0.925     0.039     2.466     2.456
     4   1 H        0.926     0.040     2.449     2.447
     5   1 H        0.925     0.039     2.466     2.456

 Mol. C6AA /au·bohr⁶  :        123.807489
 Mol. C8AA /au·bohr⁸  :       2296.893868
 Mol. α(0) /au        :         16.774323


Wiberg/Mayer (AO) data.
largest (>0.10) Wiberg bond orders for each atom

 ---------------------------------------------------------------------------
     #   Z sym  total        # sym  WBO       # sym  WBO       # sym  WBO
 ---------------------------------------------------------------------------
     1   6 C    3.993 --     3 H    0.998     5 H    0.998     2 H    0.998
                             4 H    0.998
     2   1 H    0.999 --     1 C    0.998
     3   1 H    0.999 --     1 C    0.998
     4   1 H    0.998 --     1 C    0.998
     5   1 H    0.999 --     1 C    0.998
 ---------------------------------------------------------------------------

Topologies differ in total number of bonds
Writing topology from bond orders to xtbtopo.mol

molecular dipole:
                 x           y           z       tot (Debye)
 q only:        0.001       0.001      -0.001
   full:        0.000       0.001      -0.001       0.003
molecular quadrupole (traceless):
                xx          xy          yy          xz          yz          zz
 q only:        0.002       0.017       0.006      -0.019      -0.017      -0.009
  q+dip:        0.004       0.010       0.005      -0.011      -0.008      -0.009
   full:        0.003       0.011       0.005      -0.012      -0.010      -0.007

           -------------------------------------------------
          |                Geometry Summary                 |
           -------------------------------------------------

      molecular mass/u    :       16.0424989
   center of mass at/Å    :        4.2923054       3.6594863      -0.0030027
  moments of inertia/u·Å² :        0.3136739E+01   0.3136764E+01   0.3146104E+01
rotational constants/cm⁻¹ :        0.5374253E+01   0.5374211E+01   0.5358256E+01

 * 4 selected distances

     #   Z          #   Z                                           value/Å
     1   6 C        2   1 H                                       1.0824231
     1   6 C        3   1 H                                       1.0824366 (max)
     1   6 C        4   1 H                                       1.0759913 (min)
     1   6 C        5   1 H                                       1.0824235

 * 1 distinct bonds (by element types)

   Z      Z             #   av. dist./Å        max./Å        min./Å
   1 H    6 C           4     1.0808186     1.0824366     1.0759913


optimized geometry written to: xtbopt.xyz


           -------------------------------------------------
          | TOTAL ENERGY               -4.175191666762 Eh   |
          | GRADIENT NORM               0.000169407833 Eh/α |
          | HOMO-LUMO GAP              17.410756124259 eV   |
           -------------------------------------------------

------------------------------------------------------------------------
 * finished run on 2022/05/29 at 19:35:58.550     
------------------------------------------------------------------------
 total:
 * wall-time:     0 d,  0 h,  0 min,  0.039 sec
 *  cpu-time:     0 d,  0 h,  0 min,  0.559 sec
 * ratio c/w:    14.446 speedup
 SCF:
 * wall-time:     0 d,  0 h,  0 min,  0.002 sec
 *  cpu-time:     0 d,  0 h,  0 min,  0.030 sec
 * ratio c/w:    16.012 speedup
 ANC optimizer:
 * wall-time:     0 d,  0 h,  0 min,  0.005 sec
 *  cpu-time:     0 d,  0 h,  0 min,  0.084 sec
 * ratio c/w:    15.999 speedup

normal termination of xtb
