
                                 *****************
                                 * O   R   C   A *
                                 *****************

                                            #,                                       
                                            ###                                      
                                            ####                                     
                                            #####                                    
                                            ######                                   
                                           ########,                                 
                                     ,,################,,,,,                         
                               ,,#################################,,                 
                          ,,##########################################,,             
                       ,#########################################, ''#####,          
                    ,#############################################,,   '####,        
                  ,##################################################,,,,####,       
                ,###########''''           ''''###############################       
              ,#####''   ,,,,##########,,,,          '''####'''          '####       
            ,##' ,,,,###########################,,,                        '##       
           ' ,,###''''                  '''############,,,                           
         ,,##''                                '''############,,,,        ,,,,,,###''
      ,#''                                            '''#######################'''  
     '                                                          ''''####''''         
             ,#######,   #######,   ,#######,      ##                                
            ,#'     '#,  ##    ##  ,#'     '#,    #''#        ######   ,####,        
            ##       ##  ##   ,#'  ##            #'  '#       #        #'  '#        
            ##       ##  #######   ##           ,######,      #####,   #    #        
            '#,     ,#'  ##    ##  '#,     ,#' ,#      #,         ##   #,  ,#        
             '#######'   ##     ##  '#######'  #'      '#     #####' # '####'        



                  #######################################################
                  #                        -***-                        #
                  #          Department of theory and spectroscopy      #
                  #    Directorship and core code : Frank Neese         #
                  #        Max Planck Institute fuer Kohlenforschung    #
                  #                Kaiser Wilhelm Platz 1               #
                  #                 D-45470 Muelheim/Ruhr               #
                  #                      Germany                        #
                  #                                                     #
                  #                  All rights reserved                #
                  #                        -***-                        #
                  #######################################################


                         Program Version 5.0.3 -  RELEASE  -


 With contributions from (in alphabetic order):
   Daniel Aravena         : Magnetic Suceptibility
   Michael Atanasov       : Ab Initio Ligand Field Theory (pilot matlab implementation)
   Alexander A. Auer      : GIAO ZORA, VPT2 properties, NMR spectrum
   Ute Becker             : Parallelization
   Giovanni Bistoni       : ED, misc. LED, open-shell LED, HFLD
   Martin Brehm           : Molecular dynamics
   Dmytro Bykov           : SCF Hessian
   Vijay G. Chilkuri      : MRCI spin determinant printing, contributions to CSF-ICE
   Dipayan Datta          : RHF DLPNO-CCSD density
   Achintya Kumar Dutta   : EOM-CC, STEOM-CC
   Dmitry Ganyushin       : Spin-Orbit,Spin-Spin,Magnetic field MRCI
   Miquel Garcia          : C-PCM and meta-GGA Hessian, CC/C-PCM, Gaussian charge scheme
   Yang Guo               : DLPNO-NEVPT2, F12-NEVPT2, CIM, IAO-localization
   Andreas Hansen         : Spin unrestricted coupled pair/coupled cluster methods
   Benjamin Helmich-Paris : MC-RPA, TRAH-SCF, COSX integrals
   Lee Huntington         : MR-EOM, pCC
   Robert Izsak           : Overlap fitted RIJCOSX, COSX-SCS-MP3, EOM
   Marcus Kettner         : VPT2
   Christian Kollmar      : KDIIS, OOCD, Brueckner-CCSD(T), CCSD density, CASPT2, CASPT2-K
   Simone Kossmann        : Meta GGA functionals, TD-DFT gradient, OOMP2, MP2 Hessian
   Martin Krupicka        : Initial AUTO-CI
   Lucas Lang             : DCDCAS
   Marvin Lechner         : AUTO-CI (C++ implementation), FIC-MRCC
   Dagmar Lenk            : GEPOL surface, SMD
   Dimitrios Liakos       : Extrapolation schemes; Compound Job, initial MDCI parallelization
   Dimitrios Manganas     : Further ROCIS development; embedding schemes
   Dimitrios Pantazis     : SARC Basis sets
   Anastasios Papadopoulos: AUTO-CI, single reference methods and gradients
   Taras Petrenko         : DFT Hessian,TD-DFT gradient, ASA, ECA, R-Raman, ABS, FL, XAS/XES, NRVS
   Peter Pinski           : DLPNO-MP2, DLPNO-MP2 Gradient
   Christoph Reimann      : Effective Core Potentials
   Marius Retegan         : Local ZFS, SOC
   Christoph Riplinger    : Optimizer, TS searches, QM/MM, DLPNO-CCSD(T), (RO)-DLPNO pert. Triples
   Tobias Risthaus        : Range-separated hybrids, TD-DFT gradient, RPA, STAB
   Michael Roemelt        : Original ROCIS implementation
   Masaaki Saitow         : Open-shell DLPNO-CCSD energy and density
   Barbara Sandhoefer     : DKH picture change effects
   Avijit Sen             : IP-ROCIS
   Kantharuban Sivalingam : CASSCF convergence, NEVPT2, FIC-MRCI
   Bernardo de Souza      : ESD, SOC TD-DFT
   Georgi Stoychev        : AutoAux, RI-MP2 NMR, DLPNO-MP2 response
   Willem Van den Heuvel  : Paramagnetic NMR
   Boris Wezisla          : Elementary symmetry handling
   Frank Wennmohs         : Technical directorship


 We gratefully acknowledge several colleagues who have allowed us to
 interface, adapt or use parts of their codes:
   Stefan Grimme, W. Hujo, H. Kruse, P. Pracht,  : VdW corrections, initial TS optimization,
                  C. Bannwarth, S. Ehlert          DFT functionals, gCP, sTDA/sTD-DF
   Ed Valeev, F. Pavosevic, A. Kumar             : LibInt (2-el integral package), F12 methods
   Garnet Chan, S. Sharma, J. Yang, R. Olivares  : DMRG
   Ulf Ekstrom                                   : XCFun DFT Library
   Mihaly Kallay                                 : mrcc  (arbitrary order and MRCC methods)
   Jiri Pittner, Ondrej Demel                    : Mk-CCSD
   Frank Weinhold                                : gennbo (NPA and NBO analysis)
   Christopher J. Cramer and Donald G. Truhlar   : smd solvation model
   Lars Goerigk                                  : TD-DFT with DH, B97 family of functionals
   V. Asgeirsson, H. Jonsson                     : NEB implementation
   FAccTs GmbH                                   : IRC, NEB, NEB-TS, DLPNO-Multilevel, CI-OPT
                                                   MM, QMMM, 2- and 3-layer-ONIOM, Crystal-QMMM,
                                                   LR-CPCM, SF, NACMEs, symmetry and pop. for TD-DFT,
                                                   nearIR, NL-DFT gradient (VV10), updates on ESD,
                                                   ML-optimized integration grids
   S Lehtola, MJT Oliveira, MAL Marques          : LibXC Library
   Liviu Ungur et al                             : ANISO software


 Your calculation uses the libint2 library for the computation of 2-el integrals
 For citations please refer to: http://libint.valeyev.net

 Your ORCA version has been built with support for libXC version: 5.1.0
 For citations please refer to: https://tddft.org/programs/libxc/

 This ORCA versions uses:
   CBLAS   interface :  Fast vector & matrix operations
   LAPACKE interface :  Fast linear algebra routines
   SCALAPACK package :  Parallel linear algebra routines
   Shared memory     :  Shared parallel matrices
   BLAS/LAPACK       :  OpenBLAS 0.3.15  USE64BITINT DYNAMIC_ARCH NO_AFFINITY Zen SINGLE_THREADED
        Core in use  :  Zen
   Copyright (c) 2011-2014, The OpenBLAS Project


Your calculation utilizes the semiempirical GFN2-xTB method
Please cite in your paper:
C. Bannwarth, Ehlert S., S. Grimme,  J. Chem. Theory Comput., 15, (2019), 1652.
   

Your calculation utilizes a Nudged-Elastic-Band implementation
 by V.Asgeirsson, C. Riplinger & H. Jonsson
Please cite in your paper:
 V. Asgeirsson et al., in prep. (2019)
   

================================================================================

================================================================================
                                        WARNINGS
                       Please study these warnings very carefully!
================================================================================


WARNING: Geometry Optimization
  ===> : Switching off AutoStart
         For restart on a previous wavefunction, please use MOREAD

WARNING: Found dipole moment calculation with XTB calculation
  ===> : Switching off dipole moment calculation


WARNING: TRAH-SCF for XTB is not implemented!
  ===> : Turning TRAH off!

================================================================================
                                       INPUT FILE
================================================================================
NAME = calc.inp
|  1> !NEB xtb2
|  2> *xyz -1 1
|  3> C   -0.70637444   0.17262756   0.33274278
|  4> C    0.66342006  -0.09380326  -0.02190078
|  5> Cl   0.93285628  -0.54317434  -2.00868497
|  6> H   -0.75988381   0.40510586   1.41897240
|  7> H   -1.35842321  -0.68636227   0.17450065
|  8> H   -1.11501376   1.04130171  -0.18353798
|  9> H    1.09141056  -0.99646708   0.39572988
| 10> H    1.33775113   0.75153234   0.03379212
| 11> O   -0.97892364   0.73164381   2.84233623
| 12> H   -1.92653917   0.89354567   2.87895966
| 13> *
| 14> %neb
| 15> product "struct2.xyz"
| 16> nimages 3
| 17> end
| 18> %pal
| 19> nprocs 1
| 20> endd                         ****END OF INPUT****
================================================================================


--------------------------------------------------------------------------------
                        Nudged Elastic Band Calculation
--------------------------------------------------------------------------------

Number of images (incl. end points)     ....  5
Number of intermediate images           ....  3
Number of optimized images              ....  3
Optimization of end points before NEB   ....  NO
Use existing gbw files for MO input     ....  NO
Number of atoms                         ....  10
Number of (active) degrees of freedom   ....  30
Constrained atoms                       ....  None

-----------------------------------------
  REACTANT (ANGSTROEM)
-----------------------------------------
C     -0.706374     0.172628     0.332743 
C      0.663420    -0.093803    -0.021901 
Cl     0.932856    -0.543174    -2.008685 
H     -0.759884     0.405106     1.418972 
H     -1.358423    -0.686362     0.174501 
H     -1.115014     1.041302    -0.183538 
H      1.091411    -0.996467     0.395730 
H      1.337751     0.751532     0.033792 
O     -0.978924     0.731644     2.842336 
H     -1.926539     0.893546     2.878960 

-----------------------------------------
  PRODUCT (ANGSTROEM)
-----------------------------------------
C     -0.742770     0.143090     0.126350 
C      0.713080    -0.128550    -0.163580 
Cl     0.907030    -0.477930    -1.613030 
H     -0.849280     0.387040     1.207670 
H     -1.362980    -0.726750    -0.069780 
H     -1.116170     0.994050    -0.435830 
H      1.063970    -0.956390     0.449850 
H      1.308390     0.752170     0.070280 
O     -0.916510     0.740660     3.009930 
H     -1.824480     0.948560     3.281050 



----------------------
NEB settings
----------------------
Method type                             ....  regular
Free endpoints                          ....  off 
Tangent type                            ....  improved 
Number of intermediate images           ....  3 
Number of images free to move           ....  3 
Spring type for image distribution      ....  distance between adjacent images 
Spring constant                         ....  energy weighted (0.0100 -to- 0.1000) Eh/Bohr^2 
Spring force perp. to the path          ....  none 
Generation of initial path              ....  image dependent pair potential 
Initial path via TS guess               ....  off 

Minimization of RMSD: Rotation          ....  always 
Minimization of RMSD: Translation type  ....  centroid 
Center fixed to origin                  ....  true 
Remove external force                   ....  true 

Reparametrization of the path           ....  off 
Convergence thresholds:
Convergence monitored for               ....  all images
               Max(|F|)                 ....  1.00e-03 Eh/Bohr
               RMS(F)                   ....  5.00e-04 Eh/Bohr
Optimization method:
Method                                  ....  L-BFGS
Max. iterations                         ....  500 
Step size                               ....  1.00 
Maximum allowed step size               ....  0.10 Bohr

LBFGS parameters: 
               Memory                   ....  20 
               Initial step size        ....  0.0010 
               Estimate curvature       ....  YES 
               Reset on maxmove         ....  YES 
               Reparam. on reset        ....  NO 
Generation of  the initial path:
Minimize RMSD between reactant and product configurations     .... done
       RMSD before minimization         ....  0.2727 Bohr
       RMSD after minimization          ....  0.2727 Bohr
Performing linear interpolation         ....  done
Interpolation using                     ....  IDPP (Image Dependent Pair Potential)
IDPP-Settings:
       Remove global transl. and rot.   ...   true
       Convergence tolerance            ....  0.0100 1/Ang.^3
       Max. numer of iterations         ....    7000
       Spring constant                  ....  1.0000 1/Ang.^4
       Time step                        ....  0.0100 fs
       Max. movement per iteration      ....  0.0500 Ang.
       Full print                       ....  false 
idpp initial path generation successfully converged in 46 iterations
Displacement along initial path:              1.4938 Bohr
Writing initial trajectory to file      ....  calc_initial_path_trj.xyz



----------------------
NEB OPTIMIZATION      
----------------------

Following output files will be written:
Energy profile during opt. written to    ....  calc.interp
Optimization log-file                    ....  calc.NEB.log
Current trajectory will be written to    ....  calc_MEP_trj.xyz
       and to allxyz file                ....  calc_MEP.allxyz
       and individual images to xyz file ....  calc_im{NIm}.xyz
Trajectory history will be written to    ....  calc_MEP_ALL_trj.xyz
Highest energy image will be written to  ....  calc_NEB-HEI_converged.xyz

Single point energy and gradient calculation of reactant and
product configurations (have to be performed only once)
Properties of fixed NEB end points:
               Reactant:
                         E               ....    -16.102995 Eh
                         RMS(F)          ....      0.011786 Eh/Bohr
                         MAX(|F|)        ....      0.044589 Eh/Bohr
      Warning: Reactant seems to be less converged than convergence tolerances.
               You might want to use free end NEB or preopt_ends true.
               Product:
                         E               ....    -16.050316 Eh
                         RMS(F)          ....      0.045518 Eh/Bohr
                         MAX(|F|)        ....      0.184470 Eh/Bohr
      Warning: Product seems to be less converged than convergence tolerances.
               You might want to use free end NEB or preopt_ends true.



Starting iterations:

Optim.  Iteration  HEI  E(HEI)-E(0)  max(|Fp|)   RMS(Fp)    dS
Convergence thresholds               0.001000   0.000500 
Warning: path is strictly increasing in energy   LBFGS     0      4    0.052679    0.047033   0.008756  1.4938       
   LBFGS     1      4    0.052679    0.016800   0.004051  1.5640       
   LBFGS     2      4    0.052679    0.010694   0.002765  1.6573       
   LBFGS     3      4    0.052679    0.014665   0.002827  1.8330       
   LBFGS     4      4    0.052679    0.013332   0.002499  1.8372       
   LBFGS     5      4    0.052679    0.008061   0.001923  1.8473       
   LBFGS     6      4    0.052679    0.012015   0.002340  2.0125       
   LBFGS     7      4    0.052679    0.014002   0.002948  2.0942       
   LBFGS     8      4    0.052679    0.013422   0.002398  2.1815       
   LBFGS     9      4    0.052679    0.014509   0.002991  2.4203       
   LBFGS    10      4    0.052679    0.014235   0.003372  2.6084       
   LBFGS    11      4    0.052679    0.012582   0.002731  2.7781       
   LBFGS    12      4    0.052679    0.027472   0.003550  3.0925       
   LBFGS    13      4    0.052679    0.009583   0.001811  3.0767       
   LBFGS    14      4    0.052679    0.009299   0.001366  3.1088       
   LBFGS    15      4    0.052679    0.011544   0.001690  3.2397       
   LBFGS    16      4    0.052679    0.012857   0.002140  3.4894       
   LBFGS    17      4    0.052679    0.012750   0.001607  3.5336       
   LBFGS    18      4    0.052679    0.005607   0.000910  3.5656       
   LBFGS    19      4    0.052679    0.007218   0.001081  3.6322       
   LBFGS    20      4    0.052679    0.010463   0.001804  3.7872       
   LBFGS    21      4    0.052679    0.017641   0.002836  4.0850       
   LBFGS    22      4    0.052679    0.008585   0.001658  4.0860       
   LBFGS    23      4    0.052679    0.006621   0.001059  4.0910       
   LBFGS    24      4    0.052679    0.002545   0.000668  4.1083       
   LBFGS    25      4    0.052679    0.003374   0.000802  4.1293       
   LBFGS    26      4    0.052679    0.004445   0.001049  4.2504       
   LBFGS    27      4    0.052679    0.008473   0.001104  4.2545       
   LBFGS    28      4    0.052679    0.002196   0.000518  4.2597       
   LBFGS    29      4    0.052679    0.002342   0.000564  4.2663       
   LBFGS    30      4    0.052679    0.006437   0.001164  4.2878       

Possible intermediate minimum found at image(s): 1 
  => have a look at the .interp file.
  => it is often a good idea to divide the path calculation into smaller fragments. 

   LBFGS    31      4    0.052679    0.010712   0.001951  4.3603       
   LBFGS    32      4    0.052679    0.014909   0.002501  4.4962       
   LBFGS    33      4    0.052679    0.038353   0.004781  4.7294       
   LBFGS    34      4    0.052679    0.010216   0.001807  4.7096       
   LBFGS    35      4    0.052679    0.007593   0.001246  4.6941       
   LBFGS    36      4    0.052679    0.006008   0.000955  4.6727       
   LBFGS    37      4    0.052679    0.012862   0.001798  4.6207       
   LBFGS    38      4    0.052679    0.002644   0.000558  4.6089       
   LBFGS    39      4    0.052679    0.002742   0.000549  4.5989       
   LBFGS    40      4    0.052679    0.007276   0.001102  4.4902       
   LBFGS    41      4    0.052679    0.007212   0.001442  4.3557       
   LBFGS    42      4    0.052679    0.017805   0.002667  4.1664       
   LBFGS    43      4    0.052679    0.004641   0.000857  4.1396       
   LBFGS    44      4    0.052679    0.004958   0.000937  4.1778       
   LBFGS    45      4    0.052679    0.003352   0.000560  4.1380       
   LBFGS    46      4    0.052679    0.007467   0.001310  3.9810       
   LBFGS    47      4    0.052679    0.007834   0.001415  3.8885       
   LBFGS    48      4    0.052679    0.008630   0.001703  3.6178       
   LBFGS    49      4    0.052679    0.003650   0.000775  3.6130       
   LBFGS    50      4    0.052679    0.002141   0.000633  3.6083       
   LBFGS    51      4    0.052679    0.001795   0.000425  3.5724       
   LBFGS    52      4    0.052679    0.002901   0.000563  3.5360       
   LBFGS    53      4    0.052679    0.005474   0.001180  3.4066       
   LBFGS    54      4    0.052679    0.011805   0.001845  3.3778       
   LBFGS    55      4    0.052679    0.004519   0.000755  3.3948       
   LBFGS    56      4    0.052679    0.001358   0.000381  3.3727       
   LBFGS    57      4    0.052679    0.001856   0.000406  3.3570       
   LBFGS    58      4    0.052679    0.003114   0.000513  3.3519       
   LBFGS    59      4    0.052679    0.000664   0.000150  3.3492       

                                .--------------------.
          ----------------------|   NEB convergence  |-------------------------
          Item                value                   Tolerance       Converged
          ---------------------------------------------------------------------
          RMS(Fp)             0.0001502148            0.0005000000      YES
          MAX(|Fp|)           0.0006642552            0.0010000000      YES
          ---------------------------------------------------------------------

The elastic band has converged successfully in 59 iterations!


                    *********************H U R R A Y*********************
                    ***        THE NEB OPTIMIZATION HAS CONVERGED     ***
                    *****************************************************



---------------------------------------------------------------
                         PATH SUMMARY              
---------------------------------------------------------------
All forces in Eh/Bohr.

Image Dist.(Ang.)    E(Eh)   dE(kcal/mol)  max(|Fp|)  RMS(Fp)
  0     0.000     -16.10299      0.00       0.03114   0.00788
  1     0.397     -16.12326    -12.72       0.00066   0.00022
  2     0.808     -16.12452    -13.51       0.00048   0.00018
  3     1.267     -16.10679     -2.38       0.00049   0.00018
  4     1.772     -16.05032     33.06       0.10403   0.03278 <= HEI

Straight line distance between images along the path:
        D( 0- 1) =   0.3970 Ang.
        D( 1- 2) =   0.4106 Ang.
        D( 2- 3) =   0.4590 Ang.
        D( 3- 4) =   0.5057 Ang.

---------------------------------------------------------------
           INFORMATION ABOUT HIGHEST ENERGY IMAGE
---------------------------------------------------------------

Highest energy image                      ....  4 
Energy                                    ....  -16.05031559 Eh
Max. abs. force                           ....  1.8447e-01 Eh/Bohr

-----------------------------------------
  HIGHEST ENERGY IMAGE (ANGSTROEM)
-----------------------------------------
C     -0.464415    -0.022777    -0.456387 
C      0.988719    -0.296007    -0.758276 
Cl     1.170813    -0.642467    -2.209978 
H     -0.562106     0.218936     0.626278 
H     -1.087488    -0.891228    -0.649593 
H     -0.840877     0.830000    -1.013758 
H      1.343107    -1.125744    -0.149429 
H      1.587204     0.583278    -0.527123 
O     -0.614723     0.568659     2.429802 
H     -1.520235     0.777350     2.708464 

-----------------------------------------
  FORCES (Eh/Bohr)
-----------------------------------------
C     -0.008285     0.003829     0.011650 
C     -0.025625     0.036621     0.148877 
Cl     0.028611    -0.044982    -0.184470 
H     -0.002189     0.003964     0.019526 
H     -0.000064    -0.002195    -0.003409 
H      0.000334     0.000651    -0.004070 
H      0.001951    -0.003288     0.012551 
H      0.003546     0.007603     0.010201 
O      0.003361    -0.002336    -0.010092 
H     -0.001640     0.000134    -0.000765 

-----------------------------------------
  UNIT TANGENT
-----------------------------------------
C     -0.028510     0.033463     0.146990 
C     -0.134530     0.075250     0.259286 
Cl     0.239806    -0.147459    -0.539946 
H     -0.026087     0.085288     0.458586 
H     -0.032148     0.030105     0.144173 
H     -0.031641     0.039227     0.147061 
H     -0.034017    -0.016156     0.034258 
H     -0.028228     0.035538     0.030499 
O      0.031868    -0.061887    -0.342788 
H      0.043488    -0.073370    -0.338119 
 => Unit tangent is an approximation to the TS mode at the saddle point
----------
STATISTICS
----------

For the individual parts of the NEB, NEB-CI or NEB-TS run:

Number of iterations:
     NEB                               ... 60  100.0%
Number of SCF / gradient calculations:
     NEB                               ... 212  100.0%

----------
 TIMINGS
----------

For the individual parts of the NEB, NEB-CI or NEB-TS run:

Total                                  ...      281.855 sec
NEB                                    ...      281.855 sec  100.0%


Timings for individual modules:

Sum of individual times         ...      281.928 sec (=   4.699 min)
XTB module                      ...        0.073 sec (=   0.001 min)   0.0 %
NEB Iterations                  ...      281.855 sec (=   4.698 min) 100.0 %
                             ****ORCA TERMINATED NORMALLY****
TOTAL RUN TIME: 0 days 0 hours 4 minutes 41 seconds 916 msec
